Archive member included because of file (symbol)

/opt/altera/13.0sp1/nios2eds/bin/gnu/H-i686-pc-linux-gnu/bin/../lib/gcc/nios2-elf/4.1.2/../../../../nios2-elf/lib/mno-hw-mul/libc.a(lib_a-printf.o)
                              obj/default/SharedMemory.o (printf)
/opt/altera/13.0sp1/nios2eds/bin/gnu/H-i686-pc-linux-gnu/bin/../lib/gcc/nios2-elf/4.1.2/../../../../nios2-elf/lib/mno-hw-mul/libc.a(lib_a-puts.o)
                              obj/default/SharedMemory.o (puts)
/opt/altera/13.0sp1/nios2eds/bin/gnu/H-i686-pc-linux-gnu/bin/../lib/gcc/nios2-elf/4.1.2/../../../../nios2-elf/lib/mno-hw-mul/libc.a(lib_a-strlen.o)
                              /opt/altera/13.0sp1/nios2eds/bin/gnu/H-i686-pc-linux-gnu/bin/../lib/gcc/nios2-elf/4.1.2/../../../../nios2-elf/lib/mno-hw-mul/libc.a(lib_a-puts.o) (strlen)
/opt/altera/13.0sp1/nios2eds/bin/gnu/H-i686-pc-linux-gnu/bin/../lib/gcc/nios2-elf/4.1.2/../../../../nios2-elf/lib/mno-hw-mul/libc.a(lib_a-vfprintf.o)
                              /opt/altera/13.0sp1/nios2eds/bin/gnu/H-i686-pc-linux-gnu/bin/../lib/gcc/nios2-elf/4.1.2/../../../../nios2-elf/lib/mno-hw-mul/libc.a(lib_a-printf.o) (___vfprintf_internal_r)
/opt/altera/13.0sp1/nios2eds/bin/gnu/H-i686-pc-linux-gnu/bin/../lib/gcc/nios2-elf/4.1.2/../../../../nios2-elf/lib/mno-hw-mul/libc.a(lib_a-wsetup.o)
                              /opt/altera/13.0sp1/nios2eds/bin/gnu/H-i686-pc-linux-gnu/bin/../lib/gcc/nios2-elf/4.1.2/../../../../nios2-elf/lib/mno-hw-mul/libc.a(lib_a-vfprintf.o) (__swsetup_r)
/opt/altera/13.0sp1/nios2eds/bin/gnu/H-i686-pc-linux-gnu/bin/../lib/gcc/nios2-elf/4.1.2/../../../../nios2-elf/lib/mno-hw-mul/libc.a(lib_a-dtoa.o)
                              /opt/altera/13.0sp1/nios2eds/bin/gnu/H-i686-pc-linux-gnu/bin/../lib/gcc/nios2-elf/4.1.2/../../../../nios2-elf/lib/mno-hw-mul/libc.a(lib_a-vfprintf.o) (_dtoa_r)
/opt/altera/13.0sp1/nios2eds/bin/gnu/H-i686-pc-linux-gnu/bin/../lib/gcc/nios2-elf/4.1.2/../../../../nios2-elf/lib/mno-hw-mul/libc.a(lib_a-fflush.o)
                              /opt/altera/13.0sp1/nios2eds/bin/gnu/H-i686-pc-linux-gnu/bin/../lib/gcc/nios2-elf/4.1.2/../../../../nios2-elf/lib/mno-hw-mul/libc.a(lib_a-vfprintf.o) (_fflush_r)
/opt/altera/13.0sp1/nios2eds/bin/gnu/H-i686-pc-linux-gnu/bin/../lib/gcc/nios2-elf/4.1.2/../../../../nios2-elf/lib/mno-hw-mul/libc.a(lib_a-findfp.o)
                              /opt/altera/13.0sp1/nios2eds/bin/gnu/H-i686-pc-linux-gnu/bin/../lib/gcc/nios2-elf/4.1.2/../../../../nios2-elf/lib/mno-hw-mul/libc.a(lib_a-vfprintf.o) (__sinit)
/opt/altera/13.0sp1/nios2eds/bin/gnu/H-i686-pc-linux-gnu/bin/../lib/gcc/nios2-elf/4.1.2/../../../../nios2-elf/lib/mno-hw-mul/libc.a(lib_a-freer.o)
                              /opt/altera/13.0sp1/nios2eds/bin/gnu/H-i686-pc-linux-gnu/bin/../lib/gcc/nios2-elf/4.1.2/../../../../nios2-elf/lib/mno-hw-mul/libc.a(lib_a-wsetup.o) (_free_r)
/opt/altera/13.0sp1/nios2eds/bin/gnu/H-i686-pc-linux-gnu/bin/../lib/gcc/nios2-elf/4.1.2/../../../../nios2-elf/lib/mno-hw-mul/libc.a(lib_a-fvwrite.o)
                              /opt/altera/13.0sp1/nios2eds/bin/gnu/H-i686-pc-linux-gnu/bin/../lib/gcc/nios2-elf/4.1.2/../../../../nios2-elf/lib/mno-hw-mul/libc.a(lib_a-puts.o) (__sfvwrite_r)
/opt/altera/13.0sp1/nios2eds/bin/gnu/H-i686-pc-linux-gnu/bin/../lib/gcc/nios2-elf/4.1.2/../../../../nios2-elf/lib/mno-hw-mul/libc.a(lib_a-fwalk.o)
                              /opt/altera/13.0sp1/nios2eds/bin/gnu/H-i686-pc-linux-gnu/bin/../lib/gcc/nios2-elf/4.1.2/../../../../nios2-elf/lib/mno-hw-mul/libc.a(lib_a-fflush.o) (_fwalk_reent)
/opt/altera/13.0sp1/nios2eds/bin/gnu/H-i686-pc-linux-gnu/bin/../lib/gcc/nios2-elf/4.1.2/../../../../nios2-elf/lib/mno-hw-mul/libc.a(lib_a-impure.o)
                              /opt/altera/13.0sp1/nios2eds/bin/gnu/H-i686-pc-linux-gnu/bin/../lib/gcc/nios2-elf/4.1.2/../../../../nios2-elf/lib/mno-hw-mul/libc.a(lib_a-printf.o) (_impure_ptr)
/opt/altera/13.0sp1/nios2eds/bin/gnu/H-i686-pc-linux-gnu/bin/../lib/gcc/nios2-elf/4.1.2/../../../../nios2-elf/lib/mno-hw-mul/libc.a(lib_a-locale.o)
                              /opt/altera/13.0sp1/nios2eds/bin/gnu/H-i686-pc-linux-gnu/bin/../lib/gcc/nios2-elf/4.1.2/../../../../nios2-elf/lib/mno-hw-mul/libc.a(lib_a-vfprintf.o) (_localeconv_r)
/opt/altera/13.0sp1/nios2eds/bin/gnu/H-i686-pc-linux-gnu/bin/../lib/gcc/nios2-elf/4.1.2/../../../../nios2-elf/lib/mno-hw-mul/libc.a(lib_a-makebuf.o)
                              /opt/altera/13.0sp1/nios2eds/bin/gnu/H-i686-pc-linux-gnu/bin/../lib/gcc/nios2-elf/4.1.2/../../../../nios2-elf/lib/mno-hw-mul/libc.a(lib_a-wsetup.o) (__smakebuf_r)
/opt/altera/13.0sp1/nios2eds/bin/gnu/H-i686-pc-linux-gnu/bin/../lib/gcc/nios2-elf/4.1.2/../../../../nios2-elf/lib/mno-hw-mul/libc.a(lib_a-mallocr.o)
                              /opt/altera/13.0sp1/nios2eds/bin/gnu/H-i686-pc-linux-gnu/bin/../lib/gcc/nios2-elf/4.1.2/../../../../nios2-elf/lib/mno-hw-mul/libc.a(lib_a-findfp.o) (_malloc_r)
[...]
Memory Configuration

Name             Origin             Length             Attributes
onchip_memory    0x00000000         0x00006400
sram             0x00100000         0x00080000
reset            0x01000000         0x00000020
sdram            0x01000020         0x007fffe0
*default*        0x00000000         0xffffffff

Linker script and memory map

LOAD ../bsp//obj/HAL/src/crt0.o
LOAD obj/default/SharedMemory.o
LOAD /opt/altera/13.0sp1/nios2eds/bin/gnu/H-i686-pc-linux-gnu/bin/../lib/gcc/nios2-elf/4.1.2/../../../../nios2-elf/lib/mno-hw-mul/libstdc++.a
LOAD /opt/altera/13.0sp1/nios2eds/bin/gnu/H-i686-pc-linux-gnu/bin/../lib/gcc/nios2-elf/4.1.2/../../../../nios2-elf/lib/mno-hw-mul/libm.a
LOAD /opt/altera/13.0sp1/nios2eds/bin/gnu/H-i686-pc-linux-gnu/bin/../lib/gcc/nios2-elf/4.1.2/mno-hw-mul/libgcc.a
START GROUP
LOAD /opt/altera/13.0sp1/nios2eds/bin/gnu/H-i686-pc-linux-gnu/bin/../lib/gcc/nios2-elf/4.1.2/../../../../nios2-elf/lib/mno-hw-mul/libc.a
LOAD /opt/altera/13.0sp1/nios2eds/bin/gnu/H-i686-pc-linux-gnu/bin/../lib/gcc/nios2-elf/4.1.2/mno-hw-mul/libgcc.a
LOAD ../bsp//libucosii_bsp.a
END GROUP
LOAD /opt/altera/13.0sp1/nios2eds/bin/gnu/H-i686-pc-linux-gnu/bin/../lib/gcc/nios2-elf/4.1.2/mno-hw-mul/libgcc.a
                0x00000000                __alt_mem_onchip_memory = 0x0
                0x00100000                __alt_mem_sram = 0x100000
                0x01000000                __alt_mem_sdram = 0x1000000

.entry          0x01000000       0x20
 *(.entry)
 .entry         0x01000000       0x20 ../bsp//obj/HAL/src/crt0.o
                0x01000000                __reset

.exceptions     0x01000020      0x124 load address 0x00100000
                0x01000020                PROVIDE (__ram_exceptions_start, ABSOLUTE (.))
                0x01000020                . = ALIGN (0x20)
 *(.irq)
 *(.exceptions.entry.label)
 .exceptions.entry.label
                0x01000020        0x0 ../bsp//libucosii_bsp.a(alt_irq_entry.o)
                0x01000020                alt_irq_entry
 .exceptions.entry.label
                0x01000020        0x0 ../bsp//libucosii_bsp.a(alt_exception_entry.o)
                0x01000020                alt_exception
 *(.exceptions.entry.user)
 *(.exceptions.entry)
 .exceptions.entry
                0x01000020       0x54 ../bsp//libucosii_bsp.a(alt_exception_entry.o)
 *(.exceptions.irqtest.user)
 *(.exceptions.irqtest)
 .exceptions.irqtest
                0x01000074       0x10 ../bsp//libucosii_bsp.a(alt_irq_entry.o)
 *(.exceptions.irqhandler.user)
 *(.exceptions.irqhandler)
 .exceptions.irqhandler
                0x01000084        0x4 ../bsp//libucosii_bsp.a(alt_irq_entry.o)
 *(.exceptions.irqreturn.user)
 *(.exceptions.irqreturn)
 .exceptions.irqreturn
                0x01000088        0x4 ../bsp//libucosii_bsp.a(alt_irq_entry.o)
 *(.exceptions.notirq.label)
 .exceptions.notirq.label
                0x0100008c        0x0 ../bsp//libucosii_bsp.a(alt_irq_entry.o)
 *(.exceptions.notirq.user)
 *(.exceptions.notirq)
 .exceptions.notirq
                0x0100008c        0x8 ../bsp//libucosii_bsp.a(alt_exception_entry.o)
 *(.exceptions.soft.user)
 *(.exceptions.soft)
 *(.exceptions.unknown.user)
 *(.exceptions.unknown)
 .exceptions.unknown
                0x01000094        0x4 ../bsp//libucosii_bsp.a(alt_exception_entry.o)
 *(.exceptions.exit.label)
 .exceptions.exit.label
                0x01000098        0x0 ../bsp//libucosii_bsp.a(alt_irq_entry.o)
 .exceptions.exit.label
                0x01000098        0x0 ../bsp//libucosii_bsp.a(alt_exception_entry.o)
 *(.exceptions.exit.user)
 *(.exceptions.exit)
 .exceptions.exit
                0x01000098       0x54 ../bsp//libucosii_bsp.a(alt_exception_entry.o)
 *(.exceptions)
 .exceptions    0x010000ec       0x58 ../bsp//libucosii_bsp.a(alt_irq_handler.o)
                0x010000ec                alt_irq_handler
                0x01000144                PROVIDE (__ram_exceptions_end, ABSOLUTE (.))
                0x00100000                PROVIDE (__flash_exceptions_start, LOADADDR (.exceptions))

.text           0x00100124    0x10cd0
                0x00100124                PROVIDE (stext, ABSOLUTE (.))
 *(.interp)
 *(.hash)
 *(.dynsym)
 *(.dynstr)
 *(.gnu.version)
 *(.gnu.version_d)
 *(.gnu.version_r)
 *(.rel.init)
 *(.rela.init)
 *(.rel.text .rel.text.* .rel.gnu.linkonce.t.*)
 *(.rela.text .rela.text.* .rela.gnu.linkonce.t.*)
 *(.rel.fini)
 *(.rela.fini)
 *(.rel.rodata .rel.rodata.* .rel.gnu.linkonce.r.*)
 *(.rela.rodata .rela.rodata.* .rela.gnu.linkonce.r.*)
 *(.rel.data .rel.data.* .rel.gnu.linkonce.d.*)
 *(.rela.data .rela.data.* .rela.gnu.linkonce.d.*)
 *(.rel.tdata .rel.tdata.* .rel.gnu.linkonce.td.*)
 *(.rela.tdata .rela.tdata.* .rela.gnu.linkonce.td.*)
 *(.rel.tbss .rel.tbss.* .rel.gnu.linkonce.tb.*)
 *(.rela.tbss .rela.tbss.* .rela.gnu.linkonce.tb.*)
 *(.rel.ctors)
 *(.rela.ctors)
 *(.rel.dtors)
 *(.rela.dtors)
 *(.rel.got)
 *(.rela.got)
 *(.rel.sdata .rel.sdata.* .rel.gnu.linkonce.s.*)
 *(.rela.sdata .rela.sdata.* .rela.gnu.linkonce.s.*)
 *(.rel.sbss .rel.sbss.* .rel.gnu.linkonce.sb.*)
 *(.rela.sbss .rela.sbss.* .rela.gnu.linkonce.sb.*)
 *(.rel.sdata2 .rel.sdata2.* .rel.gnu.linkonce.s2.*)
 *(.rela.sdata2 .rela.sdata2.* .rela.gnu.linkonce.s2.*)
 *(.rel.sbss2 .rel.sbss2.* .rel.gnu.linkonce.sb2.*)
 *(.rela.sbss2 .rela.sbss2.* .rela.gnu.linkonce.sb2.*)
 *(.rel.bss .rel.bss.* .rel.gnu.linkonce.b.*)
 *(.rela.bss .rela.bss.* .rela.gnu.linkonce.b.*)
 *(.rel.plt)
 *(.rela.plt)
 *(.rel.dyn)
 *(.init)
 *(.plt)
 *(.text .stub .text.* .gnu.linkonce.t.*)
 .text          0x00100124       0x3c ../bsp//obj/HAL/src/crt0.o
                0x00100124                _start
 .text          0x00100160      0x23c obj/default/SharedMemory.o
                0x00100160                printStackSize
                0x0010019c                task1
                0x0010021c                task2
                0x0010027c                statisticTask
                0x001002c4                main
 .text          0x0010039c       0x78 /opt/altera/13.0sp1/nios2eds/bin/gnu/H-i686-pc-linux-gnu/bin/../lib/gcc/nios2-elf/4.1.2/../../../../nios2-elf/lib/mno-hw-mul/libc.a(lib_a-printf.o)
                0x0010039c                printf
                0x001003e0                _printf_r
 .text          0x00100414       0xb4 /opt/altera/13.0sp1/nios2eds/bin/gnu/H-i686-pc-linux-gnu/bin/../lib/gcc/nios2-elf/4.1.2/../../../../nios2-elf/lib/mno-hw-mul/libc.a(lib_a-puts.o)
                0x00100414                _puts_r
                0x001004b4                puts
 .text          0x001004c8       0x74 /opt/altera/13.0sp1/nios2eds/bin/gnu/H-i686-pc-linux-gnu/bin/../lib/gcc/nios2-elf/4.1.2/../../../../nios2-elf/lib/mno-hw-mul/libc.a(lib_a-strlen.o)
                0x001004c8                strlen
 .text          0x0010053c     0x1f40 /opt/altera/13.0sp1/nios2eds/bin/gnu/H-i686-pc-linux-gnu/bin/../lib/gcc/nios2-elf/4.1.2/../../../../nios2-elf/lib/mno-hw-mul/libc.a(lib_a-vfprintf.o)
                0x00100594                ___vfprintf_internal_r
                0x00102458                __vfprintf_internal
 .text          0x0010247c      0x13c /opt/altera/13.0sp1/nios2eds/bin/gnu/H-i686-pc-linux-gnu/bin/../lib/gcc/nios2-elf/4.1.2/../../../../nios2-elf/lib/mno-hw-mul/libc.a(lib_a-wsetup.o)
                0x0010247c                __swsetup_r
 .text          0x001025b8     0x17f8 /opt/altera/13.0sp1/nios2eds/bin/gnu/H-i686-pc-linux-gnu/bin/../lib/gcc/nios2-elf/4.1.2/../../../../nios2-elf/lib/mno-hw-mul/libc.a(lib_a-dtoa.o)
                0x001027fc                _dtoa_r
 .text          0x00103db0      0x230 /opt/altera/13.0sp1/nios2eds/bin/gnu/H-i686-pc-linux-gnu/bin/../lib/gcc/nios2-elf/4.1.2/../../../../nios2-elf/lib/mno-hw-mul/libc.a(lib_a-fflush.o)
                0x00103db0                _fflush_r
                0x00103fac                fflush
 .text          0x00103fe0      0x2f4 /opt/altera/13.0sp1/nios2eds/bin/gnu/H-i686-pc-linux-gnu/bin/../lib/gcc/nios2-elf/4.1.2/../../../../nios2-elf/lib/mno-hw-mul/libc.a(lib_a-findfp.o)
                0x00104038                __sfp_lock_acquire
                0x0010403c                __sfp_lock_release
                0x00104040                __sinit_lock_acquire
                0x00104044                __sinit_lock_release
                0x00104048                __sinit
                0x001040fc                __fp_unlock_all
                0x00104114                __fp_lock_all
                0x0010412c                _cleanup_r
                0x00104138                _cleanup
                0x00104148                __sfmoreglue
                0x001041e4                __sfp
 .text          0x001042d4      0x440 /opt/altera/13.0sp1/nios2eds/bin/gnu/H-i686-pc-linux-gnu/bin/../lib/gcc/nios2-elf/4.1.2/../../../../nios2-elf/lib/mno-hw-mul/libc.a(lib_a-freer.o)
                0x001042d4                _malloc_trim_r
                0x00104400                _free_r
 .text          0x00104714      0x49c /opt/altera/13.0sp1/nios2eds/bin/gnu/H-i686-pc-linux-gnu/bin/../lib/gcc/nios2-elf/4.1.2/../../../../nios2-elf/lib/mno-hw-mul/libc.a(lib_a-fvwrite.o)
                0x00104714                __sfvwrite_r
 .text          0x00104bb0      0x180 /opt/altera/13.0sp1/nios2eds/bin/gnu/H-i686-pc-linux-gnu/bin/../lib/gcc/nios2-elf/4.1.2/../../../../nios2-elf/lib/mno-hw-mul/libc.a(lib_a-fwalk.o)
                0x00104bb0                _fwalk_reent
                0x00104c78                _fwalk
 .text          0x00104d30        0x0 /opt/altera/13.0sp1/nios2eds/bin/gnu/H-i686-pc-linux-gnu/bin/../lib/gcc/nios2-elf/4.1.2/../../../../nios2-elf/lib/mno-hw-mul/libc.a(lib_a-impure.o)
 .text          0x00104d30       0xc4 /opt/altera/13.0sp1/nios2eds/bin/gnu/H-i686-pc-linux-gnu/bin/../lib/gcc/nios2-elf/4.1.2/../../../../nios2-elf/lib/mno-hw-mul/libc.a(lib_a-locale.o)
                0x00104d30                __locale_charset
                0x00104d38                _localeconv_r
                0x00104d44                localeconv
                0x00104d54                _setlocale_r
                0x00104dd8                setlocale
 .text          0x00104df4      0x194 /opt/altera/13.0sp1/nios2eds/bin/gnu/H-i686-pc-linux-gnu/bin/../lib/gcc/nios2-elf/4.1.2/../../../../nios2-elf/lib/mno-hw-mul/libc.a(lib_a-makebuf.o)
                0x00104df4                __smakebuf_r
 .text          0x00104f88      0x740 /opt/altera/13.0sp1/nios2eds/bin/gnu/H-i686-pc-linux-gnu/bin/../lib/gcc/nios2-elf/4.1.2/../../../../nios2-elf/lib/mno-hw-mul/libc.a(lib_a-mallocr.o)
                0x00104f88                _malloc_r
 .text          0x001056c8       0xe4 /opt/altera/13.0sp1/nios2eds/bin/gnu/H-i686-pc-linux-gnu/bin/../lib/gcc/nios2-elf/4.1.2/../../../../nios2-elf/lib/mno-hw-mul/libc.a(lib_a-memchr.o)
                0x001056c8                memchr
 .text          0x001057ac       0xa0 /opt/altera/13.0sp1/nios2eds/bin/gnu/H-i686-pc-linux-gnu/bin/../lib/gcc/nios2-elf/4.1.2/../../../../nios2-elf/lib/mno-hw-mul/libc.a(lib_a-memcpy.o)
                0x001057ac                memcpy
 .text          0x0010584c       0xe0 /opt/altera/13.0sp1/nios2eds/bin/gnu/H-i686-pc-linux-gnu/bin/../lib/gcc/nios2-elf/4.1.2/../../../../nios2-elf/lib/mno-hw-mul/libc.a(lib_a-memmove.o)
                0x0010584c                memmove
 .text          0x0010592c       0x98 /opt/altera/13.0sp1/nios2eds/bin/gnu/H-i686-pc-linux-gnu/bin/../lib/gcc/nios2-elf/4.1.2/../../../../nios2-elf/lib/mno-hw-mul/libc.a(lib_a-memset.o)
                0x0010592c                memset
 .text          0x001059c4     0x108c /opt/altera/13.0sp1/nios2eds/bin/gnu/H-i686-pc-linux-gnu/bin/../lib/gcc/nios2-elf/4.1.2/../../../../nios2-elf/lib/mno-hw-mul/libc.a(lib_a-mprec.o)
                0x001059c4                _Bfree
                0x001059ec                __hi0bits
                0x00105a5c                __lo0bits
                0x00105b20                __mcmp
                0x00105b80                __ulp
                0x00105c00                __b2d
                0x00105d20                __ratio
                0x00105dd0                _mprec_log10
                0x00105e64                __copybits
                0x00105ebc                __any_on
                0x00105f44                _Balloc
                0x00106000                __d2b
                0x0010617c                __mdiff
                0x00106308                __lshift
                0x00106454                __multiply
                0x001066a8                __i2b
                0x001066e4                __multadd
                0x00106810                __pow5mult
                0x00106930                __s2b
 .text          0x00106a50      0x5f4 /opt/altera/13.0sp1/nios2eds/bin/gnu/H-i686-pc-linux-gnu/bin/../lib/gcc/nios2-elf/4.1.2/../../../../nios2-elf/lib/mno-hw-mul/libc.a(lib_a-reallocr.o)
                0x00106a50                _realloc_r
 .text          0x00107044       0x40 /opt/altera/13.0sp1/nios2eds/bin/gnu/H-i686-pc-linux-gnu/bin/../lib/gcc/nios2-elf/4.1.2/../../../../nios2-elf/lib/mno-hw-mul/libc.a(lib_a-s_isinfd.o)
                0x00107044                __isinfd
 .text          0x00107084       0x30 /opt/altera/13.0sp1/nios2eds/bin/gnu/H-i686-pc-linux-gnu/bin/../lib/gcc/nios2-elf/4.1.2/../../../../nios2-elf/lib/mno-hw-mul/libc.a(lib_a-s_isnand.o)
                0x00107084                __isnand
 .text          0x001070b4       0x70 /opt/altera/13.0sp1/nios2eds/bin/gnu/H-i686-pc-linux-gnu/bin/../lib/gcc/nios2-elf/4.1.2/../../../../nios2-elf/lib/mno-hw-mul/libc.a(lib_a-sbrkr.o)
                0x001070b4                _sbrk_r
 .text          0x00107124      0x14c /opt/altera/13.0sp1/nios2eds/bin/gnu/H-i686-pc-linux-gnu/bin/../lib/gcc/nios2-elf/4.1.2/../../../../nios2-elf/lib/mno-hw-mul/libc.a(lib_a-stdio.o)
                0x00107124                __sclose
                0x0010712c                __sseek
                0x00107194                __swrite
                0x00107210                __sread
 .text          0x00107270       0xbc /opt/altera/13.0sp1/nios2eds/bin/gnu/H-i686-pc-linux-gnu/bin/../lib/gcc/nios2-elf/4.1.2/../../../../nios2-elf/lib/mno-hw-mul/libc.a(lib_a-strcmp.o)
                0x00107270                strcmp
 .text          0x0010732c       0x78 /opt/altera/13.0sp1/nios2eds/bin/gnu/H-i686-pc-linux-gnu/bin/../lib/gcc/nios2-elf/4.1.2/../../../../nios2-elf/lib/mno-hw-mul/libc.a(lib_a-writer.o)
                0x0010732c                _write_r
 .text          0x001073a4       0xc8 /opt/altera/13.0sp1/nios2eds/bin/gnu/H-i686-pc-linux-gnu/bin/../lib/gcc/nios2-elf/4.1.2/../../../../nios2-elf/lib/mno-hw-mul/libc.a(lib_a-callocr.o)
                0x001073a4                _calloc_r
 .text          0x0010746c       0x70 /opt/altera/13.0sp1/nios2eds/bin/gnu/H-i686-pc-linux-gnu/bin/../lib/gcc/nios2-elf/4.1.2/../../../../nios2-elf/lib/mno-hw-mul/libc.a(lib_a-closer.o)
                0x0010746c                _close_r
 .text          0x001074dc      0x124 /opt/altera/13.0sp1/nios2eds/bin/gnu/H-i686-pc-linux-gnu/bin/../lib/gcc/nios2-elf/4.1.2/../../../../nios2-elf/lib/mno-hw-mul/libc.a(lib_a-fclose.o)
                0x001074dc                _fclose_r
                0x001075ec                fclose
 .text          0x00107600       0x74 /opt/altera/13.0sp1/nios2eds/bin/gnu/H-i686-pc-linux-gnu/bin/../lib/gcc/nios2-elf/4.1.2/../../../../nios2-elf/lib/mno-hw-mul/libc.a(lib_a-fstatr.o)
                0x00107600                _fstat_r
 .text          0x00107674        0x0 /opt/altera/13.0sp1/nios2eds/bin/gnu/H-i686-pc-linux-gnu/bin/../lib/gcc/nios2-elf/4.1.2/../../../../nios2-elf/lib/mno-hw-mul/libc.a(lib_a-int_errno.o)
 .text          0x00107674       0x70 /opt/altera/13.0sp1/nios2eds/bin/gnu/H-i686-pc-linux-gnu/bin/../lib/gcc/nios2-elf/4.1.2/../../../../nios2-elf/lib/mno-hw-mul/libc.a(lib_a-isattyr.o)
                0x00107674                _isatty_r
 .text          0x001076e4       0x78 /opt/altera/13.0sp1/nios2eds/bin/gnu/H-i686-pc-linux-gnu/bin/../lib/gcc/nios2-elf/4.1.2/../../../../nios2-elf/lib/mno-hw-mul/libc.a(lib_a-lseekr.o)
                0x001076e4                _lseek_r
 .text          0x0010775c       0x78 /opt/altera/13.0sp1/nios2eds/bin/gnu/H-i686-pc-linux-gnu/bin/../lib/gcc/nios2-elf/4.1.2/../../../../nios2-elf/lib/mno-hw-mul/libc.a(lib_a-readr.o)
                0x0010775c                _read_r
 .text          0x001077d4      0x66c /opt/altera/13.0sp1/nios2eds/bin/gnu/H-i686-pc-linux-gnu/bin/../lib/gcc/nios2-elf/4.1.2/mno-hw-mul/libgcc.a(_udivdi3.o)
                0x001077d4                __udivdi3
 .text          0x00107e40      0x660 /opt/altera/13.0sp1/nios2eds/bin/gnu/H-i686-pc-linux-gnu/bin/../lib/gcc/nios2-elf/4.1.2/mno-hw-mul/libgcc.a(_umoddi3.o)
                0x00107e40                __umoddi3
 .text          0x001084a0      0x504 /opt/altera/13.0sp1/nios2eds/bin/gnu/H-i686-pc-linux-gnu/bin/../lib/gcc/nios2-elf/4.1.2/mno-hw-mul/libgcc.a(_addsub_df.o)
                0x001088b0                __subdf3
                0x00108930                __adddf3
 .text          0x001089a4      0x3c4 /opt/altera/13.0sp1/nios2eds/bin/gnu/H-i686-pc-linux-gnu/bin/../lib/gcc/nios2-elf/4.1.2/mno-hw-mul/libgcc.a(_mul_df.o)
                0x001089a4                __muldf3
 .text          0x00108d68      0x258 /opt/altera/13.0sp1/nios2eds/bin/gnu/H-i686-pc-linux-gnu/bin/../lib/gcc/nios2-elf/4.1.2/mno-hw-mul/libgcc.a(_div_df.o)
                0x00108d68                __divdf3
 .text          0x00108fc0       0x88 /opt/altera/13.0sp1/nios2eds/bin/gnu/H-i686-pc-linux-gnu/bin/../lib/gcc/nios2-elf/4.1.2/mno-hw-mul/libgcc.a(_eq_df.o)
                0x00108fc0                __eqdf2
 .text          0x00109048       0x88 /opt/altera/13.0sp1/nios2eds/bin/gnu/H-i686-pc-linux-gnu/bin/../lib/gcc/nios2-elf/4.1.2/mno-hw-mul/libgcc.a(_ne_df.o)
                0x00109048                __nedf2
 .text          0x001090d0       0x88 /opt/altera/13.0sp1/nios2eds/bin/gnu/H-i686-pc-linux-gnu/bin/../lib/gcc/nios2-elf/4.1.2/mno-hw-mul/libgcc.a(_gt_df.o)
                0x001090d0                __gtdf2
 .text          0x00109158       0x88 /opt/altera/13.0sp1/nios2eds/bin/gnu/H-i686-pc-linux-gnu/bin/../lib/gcc/nios2-elf/4.1.2/mno-hw-mul/libgcc.a(_ge_df.o)
                0x00109158                __gedf2
 .text          0x001091e0       0x88 /opt/altera/13.0sp1/nios2eds/bin/gnu/H-i686-pc-linux-gnu/bin/../lib/gcc/nios2-elf/4.1.2/mno-hw-mul/libgcc.a(_lt_df.o)
                0x001091e0                __ltdf2
 .text          0x00109268       0xf8 /opt/altera/13.0sp1/nios2eds/bin/gnu/H-i686-pc-linux-gnu/bin/../lib/gcc/nios2-elf/4.1.2/mno-hw-mul/libgcc.a(_si_to_df.o)
                0x00109268                __floatsidf
 .text          0x00109360       0xd8 /opt/altera/13.0sp1/nios2eds/bin/gnu/H-i686-pc-linux-gnu/bin/../lib/gcc/nios2-elf/4.1.2/mno-hw-mul/libgcc.a(_df_to_si.o)
                0x00109360                __fixdfsi
 .text          0x00109438        0x0 /opt/altera/13.0sp1/nios2eds/bin/gnu/H-i686-pc-linux-gnu/bin/../lib/gcc/nios2-elf/4.1.2/mno-hw-mul/libgcc.a(_thenan_df.o)
 .text          0x00109438      0x194 /opt/altera/13.0sp1/nios2eds/bin/gnu/H-i686-pc-linux-gnu/bin/../lib/gcc/nios2-elf/4.1.2/mno-hw-mul/libgcc.a(_usi_to_df.o)
                0x00109438                __floatunsidf
 .text          0x001095cc      0x14c /opt/altera/13.0sp1/nios2eds/bin/gnu/H-i686-pc-linux-gnu/bin/../lib/gcc/nios2-elf/4.1.2/mno-hw-mul/libgcc.a(lib2-divmod.o)
                0x00109648                __divsi3
                0x001096a8                __modsi3
                0x00109708                __udivsi3
                0x00109710                __umodsi3
 .text          0x00109718       0x38 /opt/altera/13.0sp1/nios2eds/bin/gnu/H-i686-pc-linux-gnu/bin/../lib/gcc/nios2-elf/4.1.2/mno-hw-mul/libgcc.a(lib2-mul.o)
                0x00109718                __mulsi3
 .text          0x00109750      0x124 /opt/altera/13.0sp1/nios2eds/bin/gnu/H-i686-pc-linux-gnu/bin/../lib/gcc/nios2-elf/4.1.2/mno-hw-mul/libgcc.a(_muldi3.o)
                0x00109750                __muldi3
 .text          0x00109874        0x0 /opt/altera/13.0sp1/nios2eds/bin/gnu/H-i686-pc-linux-gnu/bin/../lib/gcc/nios2-elf/4.1.2/mno-hw-mul/libgcc.a(_clz.o)
 .text          0x00109874       0x80 /opt/altera/13.0sp1/nios2eds/bin/gnu/H-i686-pc-linux-gnu/bin/../lib/gcc/nios2-elf/4.1.2/mno-hw-mul/libgcc.a(_clzsi2.o)
                0x00109874                __clzsi2
 .text          0x001098f4      0x314 /opt/altera/13.0sp1/nios2eds/bin/gnu/H-i686-pc-linux-gnu/bin/../lib/gcc/nios2-elf/4.1.2/mno-hw-mul/libgcc.a(_pack_df.o)
                0x001098f4                __pack_d
 .text          0x00109c08      0x138 /opt/altera/13.0sp1/nios2eds/bin/gnu/H-i686-pc-linux-gnu/bin/../lib/gcc/nios2-elf/4.1.2/mno-hw-mul/libgcc.a(_unpack_df.o)
                0x00109c08                __unpack_d
 .text          0x00109d40       0xc8 /opt/altera/13.0sp1/nios2eds/bin/gnu/H-i686-pc-linux-gnu/bin/../lib/gcc/nios2-elf/4.1.2/mno-hw-mul/libgcc.a(_fpcmp_parts_df.o)
                0x00109d40                __fpcmp_parts_d
 .text          0x00109e08       0xbc ../bsp//libucosii_bsp.a(alt_close.o)
                0x00109e28                close
 .text          0x00109ec4        0x8 ../bsp//libucosii_bsp.a(alt_dev.o)
 .text          0x00109ecc        0x0 ../bsp//libucosii_bsp.a(alt_errno.o)
 .text          0x00109ecc       0x9c ../bsp//libucosii_bsp.a(alt_fstat.o)
                0x00109ecc                fstat
 .text          0x00109f68       0x94 ../bsp//libucosii_bsp.a(alt_isatty.o)
                0x00109f68                isatty
 .text          0x00109ffc       0x8c ../bsp//libucosii_bsp.a(alt_load.o)
                0x0010a01c                alt_load
 .text          0x0010a088       0xb8 ../bsp//libucosii_bsp.a(alt_lseek.o)
                0x0010a088                lseek
 .text          0x0010a140       0xa8 ../bsp//libucosii_bsp.a(alt_main.o)
                0x0010a140                alt_main
 .text          0x0010a1e8       0xd8 ../bsp//libucosii_bsp.a(alt_read.o)
                0x0010a208                read
 .text          0x0010a2c0       0x5c ../bsp//libucosii_bsp.a(alt_release_fd.o)
                0x0010a2c0                alt_release_fd
 .text          0x0010a31c       0x50 ../bsp//libucosii_bsp.a(alt_sbrk.o)
                0x0010a31c                sbrk
 .text          0x0010a36c       0xd4 ../bsp//libucosii_bsp.a(alt_write.o)
                0x0010a38c                write
 .text          0x0010a440       0xa8 ../bsp//libucosii_bsp.a(alt_env_lock.o)
                0x0010a440                __env_unlock
                0x0010a468                __env_lock
 .text          0x0010a4e8      0x110 ../bsp//libucosii_bsp.a(alt_malloc_lock.o)
                0x0010a4e8                __malloc_unlock
                0x0010a544                __malloc_lock
 .text          0x0010a5f8     0x1118 ../bsp//libucosii_bsp.a(os_core.o)
                0x0010a5f8                OSVersion
                0x0010a600                OS_Dummy
                0x0010a604                OS_EventTaskWait
                0x0010a688                OS_EventTaskWaitMulti
                0x0010a728                OS_EventTaskRemove
                0x0010a774                OS_EventTaskRemoveMulti
                0x0010a7d0                OS_EventTaskRdy
                0x0010a8c4                OS_EventWaitListInit
                0x0010a8e0                OS_MemClr
                0x0010a8fc                OS_MemCopy
                0x0010a920                OS_StrCopy
                0x0010a94c                OS_StrLen
                0x0010a96c                OS_TaskStatStkChk
                0x0010a9f0                OS_Sched
                0x0010aaa8                OSStart
                0x0010ab14                OSInit
                0x0010acf4                OSEventNameGet
                0x0010adac                OSEventPendMulti
                0x0010b104                OSIntEnter
                0x0010b140                OSSchedLock
                0x0010b184                OSSchedUnlock
                0x0010b1d8                OSStatInit
                0x0010b23c                OSTimeTick
                0x0010b348                OS_TaskIdle
                0x0010b378                OS_TaskStat
                0x0010b3fc                OS_TCBInit
                0x0010b580                OSIntExit
                0x0010b654                OSEventNameSet
 .text          0x0010b710        0x4 ../bsp//libucosii_bsp.a(os_dbg.o)
                0x0010b710                OSDebugInit
 .text          0x0010b714      0xc5c ../bsp//libucosii_bsp.a(os_flag.o)
                0x0010b7cc                OS_FlagUnlink
                0x0010b898                OS_FlagInit
                0x0010b908                OSFlagQuery
                0x0010b964                OSFlagAccept
                0x0010bad4                OSFlagCreate
                0x0010bb5c                OSFlagDel
                0x0010bcbc                OSFlagNameGet
                0x0010bd7c                OSFlagNameSet
                0x0010be50                OSFlagPend
                0x0010c150                OSFlagPendGetFlagsRdy
                0x0010c17c                OSFlagPost
 .text          0x0010c370      0x3b8 ../bsp//libucosii_bsp.a(os_mem.o)
                0x0010c370                OS_MemInit
                0x0010c3d8                OSMemQuery
                0x0010c43c                OSMemCreate
                0x0010c50c                OSMemGet
                0x0010c578                OSMemNameGet
                0x0010c614                OSMemNameSet
                0x0010c6d0                OSMemPut
 .text          0x0010c728      0x9c4 ../bsp//libucosii_bsp.a(os_q.o)
                0x0010c728                OS_QInit
                0x0010c778                OSQQuery
                0x0010c810                OSQAccept
                0x0010c8ac                OSQCreate
                0x0010c9ac                OSQDel
                0x0010cb30                OSQFlush
                0x0010cb80                OSQPend
                0x0010cd40                OSQPendAbort
                0x0010ce28                OSQPost
                0x0010cee4                OSQPostFront
                0x0010cfa8                OSQPostOpt
 .text          0x0010d0ec      0x5e0 ../bsp//libucosii_bsp.a(os_sem.o)
                0x0010d0ec                OSSemSet
                0x0010d150                OSSemAccept
                0x0010d194                OSSemCreate
                0x0010d220                OSSemDel
                0x0010d374                OSSemPend
                0x0010d4dc                OSSemPendAbort
                0x0010d5c8                OSSemPost
                0x0010d664                OSSemQuery
 .text          0x0010d6cc      0xe74 ../bsp//libucosii_bsp.a(os_task.o)
                0x0010d6cc                OS_TaskStkClr
                0x0010d6fc                OSTaskQuery
                0x0010d7c4                OSTaskChangePrio
                0x0010da60                OSTaskCreate
                0x0010db6c                OSTaskCreateExt
                0x0010dce4                OSTaskDel
                0x0010df30                OSTaskDelReq
                0x0010dfe4                OSTaskNameGet
                0x0010e0ec                OSTaskNameSet
                0x0010e208                OSTaskResume
                0x0010e30c                OSTaskStkChk
                0x0010e3fc                OSTaskSuspend
 .text          0x0010e540      0x378 ../bsp//libucosii_bsp.a(os_time.o)
                0x0010e540                OSTimeSet
                0x0010e564                OSTimeDly
                0x0010e5fc                OSTimeDlyHMSM
                0x0010e79c                OSTimeDlyResume
                0x0010e894                OSTimeGet
 .text          0x0010e8b8      0xb94 ../bsp//libucosii_bsp.a(os_tmr.o)
                0x0010ea24                OSTmr_Init
                0x0010ec80                OSTmrStop
                0x0010eddc                OSTmrStart
                0x0010eee0                OSTmrStateGet
                0x0010ef88                OSTmrRemainGet
                0x0010f0a0                OSTmrDel
                0x0010f19c                OSTmrSignal
                0x0010f1c4                OSTmrNameGet
                0x0010f2b0                OSTmrCreate
 .text          0x0010f44c       0x9c ../bsp//libucosii_bsp.a(alt_sys_init.o)
                0x0010f458                alt_sys_init
                0x0010f4c8                alt_irq_init
 .text          0x0010f4e8       0x3c ../bsp//libucosii_bsp.a(altera_avalon_jtag_uart_fd.o)
                0x0010f4e8                altera_avalon_jtag_uart_ioctl_fd
                0x0010f4f4                altera_avalon_jtag_uart_close_fd
                0x0010f504                altera_avalon_jtag_uart_write_fd
                0x0010f514                altera_avalon_jtag_uart_read_fd
 .text          0x0010f524      0x2f4 ../bsp//libucosii_bsp.a(altera_avalon_jtag_uart_init.o)
                0x0010f524                altera_avalon_jtag_uart_close
                0x0010f5e4                altera_avalon_jtag_uart_init
 .text          0x0010f818       0x7c ../bsp//libucosii_bsp.a(altera_avalon_jtag_uart_ioctl.o)
                0x0010f818                altera_avalon_jtag_uart_ioctl
 .text          0x0010f894      0x1ac ../bsp//libucosii_bsp.a(altera_avalon_jtag_uart_read.o)
                0x0010f894                altera_avalon_jtag_uart_read
 .text          0x0010fa40      0x1b8 ../bsp//libucosii_bsp.a(altera_avalon_jtag_uart_write.o)
                0x0010fa40                altera_avalon_jtag_uart_write
 .text          0x0010fbf8       0x8c ../bsp//libucosii_bsp.a(altera_avalon_timer_sc.o)
                0x0010fbf8                alt_avalon_timer_sc_init
 .text          0x0010fc84      0x250 ../bsp//libucosii_bsp.a(altera_up_avalon_character_lcd.o)
                0x0010fc84                get_DDRAM_addr
                0x0010fc9c                alt_up_character_lcd_string
                0x0010fcb8                alt_up_character_lcd_write
                0x0010fcdc                alt_up_character_lcd_write_fd
                0x0010fcfc                alt_up_character_lcd_init
                0x0010fd0c                alt_up_character_lcd_send_cmd
                0x0010fd1c                alt_up_character_lcd_cursor_blink_on
                0x0010fd24                alt_up_character_lcd_cursor_off
                0x0010fd2c                alt_up_character_lcd_erase_pos
                0x0010fd90                alt_up_character_lcd_shift_display
                0x0010fe00                alt_up_character_lcd_shift_cursor
                0x0010fe70                alt_up_character_lcd_set_cursor_pos
                0x0010fec8                alt_up_character_lcd_open_dev
 .text          0x0010fed4       0x90 ../bsp//libucosii_bsp.a(alt_alarm_start.o)
                0x0010fed4                alt_alarm_start
 .text          0x0010ff64        0x4 ../bsp//libucosii_bsp.a(alt_dcache_flush_all.o)
                0x0010ff64                alt_dcache_flush_all
 .text          0x0010ff68       0x70 ../bsp//libucosii_bsp.a(alt_dev_llist_insert.o)
                0x0010ff68                alt_dev_llist_insert
 .text          0x0010ffd8       0x40 ../bsp//libucosii_bsp.a(alt_do_ctors.o)
                0x0010ffd8                _do_ctors
 .text          0x00110018       0x40 ../bsp//libucosii_bsp.a(alt_do_dtors.o)
                0x00110018                _do_dtors
 .text          0x00110058       0x70 ../bsp//libucosii_bsp.a(alt_find_dev.o)
                0x00110058                alt_find_dev
 .text          0x001100c8        0x4 ../bsp//libucosii_bsp.a(alt_icache_flush_all.o)
                0x001100c8                alt_icache_flush_all
 .text          0x001100cc       0x9c ../bsp//libucosii_bsp.a(alt_iic.o)
                0x001100cc                alt_ic_irq_enabled
                0x001100e4                alt_ic_irq_enable
                0x00110124                alt_ic_irq_disable
                0x00110164                alt_ic_isr_register
 .text          0x00110168       0x6c ../bsp//libucosii_bsp.a(alt_iic_isr_register.o)
                0x00110168                alt_iic_isr_register
 .text          0x001101d4      0x114 ../bsp//libucosii_bsp.a(alt_io_redirect.o)
                0x0011025c                alt_io_redirect
 .text          0x001102e8        0x0 ../bsp//libucosii_bsp.a(alt_irq_entry.o)
 .text          0x001102e8        0x0 ../bsp//libucosii_bsp.a(alt_irq_handler.o)
 .text          0x001102e8        0x0 ../bsp//libucosii_bsp.a(alt_irq_vars.o)
 .text          0x001102e8      0x17c ../bsp//libucosii_bsp.a(alt_open.o)
                0x001102e8                open
 .text          0x00110464       0xe0 ../bsp//libucosii_bsp.a(alt_tick.o)
                0x00110464                alt_alarm_stop
                0x00110498                alt_tick
 .text          0x00110544        0x8 ../bsp//libucosii_bsp.a(altera_nios2_qsys_irq.o)
                0x00110544                altera_nios2_qsys_irq_init
 .text          0x0011054c       0xd0 ../bsp//libucosii_bsp.a(os_cpu_a.o)
                0x0011054c                OSCtxSw
                0x0011054c                OSIntCtxSw
                0x001105d8                OSStartHighRdy
                0x001105f8                OSStartTsk
 .text          0x0011061c      0x228 ../bsp//libucosii_bsp.a(os_cpu_c.o)
                0x0011061c                OSTaskCreateHook
                0x00110620                OSTaskDelHook
                0x00110624                OSTaskSwHook
                0x00110628                OSTaskStatHook
                0x0011062c                OSInitHookBegin
                0x00110634                OSInitHookEnd
                0x00110638                OSTaskIdleHook
                0x0011063c                OSTCBInitHook
                0x00110640                OSTimeTickHook
                0x00110698                OSTaskStkInit
 .text          0x00110844        0x0 ../bsp//libucosii_bsp.a(alt_exception_entry.o)
 .text          0x00110844       0x9c ../bsp//libucosii_bsp.a(alt_find_file.o)
                0x00110844                alt_find_file
 .text          0x001108e0       0xa4 ../bsp//libucosii_bsp.a(alt_get_fd.o)
                0x001108e0                alt_get_fd
 .text          0x00110984       0x14 /opt/altera/13.0sp1/nios2eds/bin/gnu/H-i686-pc-linux-gnu/bin/../lib/gcc/nios2-elf/4.1.2/../../../../nios2-elf/lib/mno-hw-mul/libc.a(lib_a-atexit.o)
                0x00110984                atexit
 .text          0x00110998       0x38 /opt/altera/13.0sp1/nios2eds/bin/gnu/H-i686-pc-linux-gnu/bin/../lib/gcc/nios2-elf/4.1.2/../../../../nios2-elf/lib/mno-hw-mul/libc.a(lib_a-exit.o)
                0x00110998                exit
 .text          0x001109d0       0x74 /opt/altera/13.0sp1/nios2eds/bin/gnu/H-i686-pc-linux-gnu/bin/../lib/gcc/nios2-elf/4.1.2/../../../../nios2-elf/lib/mno-hw-mul/libc.a(lib_a-memcmp.o)
                0x001109d0                memcmp
 .text          0x00110a44      0x134 /opt/altera/13.0sp1/nios2eds/bin/gnu/H-i686-pc-linux-gnu/bin/../lib/gcc/nios2-elf/4.1.2/../../../../nios2-elf/lib/mno-hw-mul/libc.a(lib_a-__atexit.o)
                0x00110a44                __register_exitproc
 .text          0x00110b78      0x1b4 /opt/altera/13.0sp1/nios2eds/bin/gnu/H-i686-pc-linux-gnu/bin/../lib/gcc/nios2-elf/4.1.2/../../../../nios2-elf/lib/mno-hw-mul/libc.a(lib_a-__call_atexit.o)
                0x00110b7c                __call_exitprocs
 .text          0x00110d2c       0xa4 /opt/altera/13.0sp1/nios2eds/bin/gnu/H-i686-pc-linux-gnu/bin/../lib/gcc/nios2-elf/4.1.2/mno-hw-mul/libgcc.a(_fixunsdfsi.o)
                0x00110d2c                __fixunsdfsi
 .text          0x00110dd0       0x20 ../bsp//libucosii_bsp.a(alt_exit.o)
                0x00110dd0                _exit
 *(.gnu.warning.*)
 *(.fini)
                0x00110df0                PROVIDE (__etext, ABSOLUTE (.))
                0x00110df0                PROVIDE (_etext, ABSOLUTE (.))
                0x00110df0                PROVIDE (etext, ABSOLUTE (.))
 *(.eh_frame_hdr)
                0x00110df0                . = ALIGN (0x4)
                0x00110df0                PROVIDE (__preinit_array_start, ABSOLUTE (.))
 *(.preinit_array)
                0x00110df0                PROVIDE (__preinit_array_end, ABSOLUTE (.))
                0x00110df0                PROVIDE (__init_array_start, ABSOLUTE (.))
 *(.init_array)
                0x00110df0                PROVIDE (__init_array_end, ABSOLUTE (.))
                0x00110df0                PROVIDE (__fini_array_start, ABSOLUTE (.))
 *(.fini_array)
                0x00110df0                PROVIDE (__fini_array_end, ABSOLUTE (.))
 *(.eh_frame)
 *(.gcc_except_table)
 *(.dynamic)
                0x00110df0                PROVIDE (__CTOR_LIST__, ABSOLUTE (.))
 *(.ctors)
 *(SORT(.ctors.*))
 .ctors.65535   0x00110df0        0x4 /opt/altera/13.0sp1/nios2eds/bin/gnu/H-i686-pc-linux-gnu/bin/../lib/gcc/nios2-elf/4.1.2/../../../../nios2-elf/lib/mno-hw-mul/libc.a(lib_a-__call_atexit.o)
                0x00110df4                PROVIDE (__CTOR_END__, ABSOLUTE (.))
                0x00110df4                PROVIDE (__DTOR_LIST__, ABSOLUTE (.))
 *(.dtors)
 *(SORT(.dtors.*))
                0x00110df4                PROVIDE (__DTOR_END__, ABSOLUTE (.))
 *(.jcr)
                0x00110df4                . = ALIGN (0x4)

.rodata         0x00110df4      0x4f0
                0x00110df4                PROVIDE (__ram_rodata_start, ABSOLUTE (.))
                0x00110df4                . = ALIGN (0x4)
 *(.rodata .rodata.* .gnu.linkonce.r.*)
 .rodata        0x00110df4       0x58 obj/default/SharedMemory.o
 .rodata.str1.4
                0x00110e4c        0x2 /opt/altera/13.0sp1/nios2eds/bin/gnu/H-i686-pc-linux-gnu/bin/../lib/gcc/nios2-elf/4.1.2/../../../../nios2-elf/lib/mno-hw-mul/libc.a(lib_a-puts.o)
                                  0x4 (size before relaxing)
 *fill*         0x00110e4e        0x2 00
 .rodata.str1.4
                0x00110e50       0x5e /opt/altera/13.0sp1/nios2eds/bin/gnu/H-i686-pc-linux-gnu/bin/../lib/gcc/nios2-elf/4.1.2/../../../../nios2-elf/lib/mno-hw-mul/libc.a(lib_a-vfprintf.o)
                                 0x60 (size before relaxing)
 .rodata        0x00110eae       0x20 /opt/altera/13.0sp1/nios2eds/bin/gnu/H-i686-pc-linux-gnu/bin/../lib/gcc/nios2-elf/4.1.2/../../../../nios2-elf/lib/mno-hw-mul/libc.a(lib_a-vfprintf.o)
 *fill*         0x00110ece        0x2 00
 .rodata.str1.4
                0x00110ed0       0x10 /opt/altera/13.0sp1/nios2eds/bin/gnu/H-i686-pc-linux-gnu/bin/../lib/gcc/nios2-elf/4.1.2/../../../../nios2-elf/lib/mno-hw-mul/libc.a(lib_a-dtoa.o)
                                 0x14 (size before relaxing)
 .rodata.str1.4
                0x00110ee0        0x2 /opt/altera/13.0sp1/nios2eds/bin/gnu/H-i686-pc-linux-gnu/bin/../lib/gcc/nios2-elf/4.1.2/../../../../nios2-elf/lib/mno-hw-mul/libc.a(lib_a-impure.o)
                                  0x4 (size before relaxing)
 *fill*         0x00110ee2        0x2 00
 .rodata.str1.4
                0x00110ee4        0xf /opt/altera/13.0sp1/nios2eds/bin/gnu/H-i686-pc-linux-gnu/bin/../lib/gcc/nios2-elf/4.1.2/../../../../nios2-elf/lib/mno-hw-mul/libc.a(lib_a-locale.o)
                                 0x18 (size before relaxing)
 *fill*         0x00110ef3        0x1 00
 .rodata        0x00110ef4       0x30 /opt/altera/13.0sp1/nios2eds/bin/gnu/H-i686-pc-linux-gnu/bin/../lib/gcc/nios2-elf/4.1.2/../../../../nios2-elf/lib/mno-hw-mul/libc.a(lib_a-locale.o)
 .rodata        0x00110f24      0x124 /opt/altera/13.0sp1/nios2eds/bin/gnu/H-i686-pc-linux-gnu/bin/../lib/gcc/nios2-elf/4.1.2/../../../../nios2-elf/lib/mno-hw-mul/libc.a(lib_a-mprec.o)
                0x00110f24                __mprec_tens
                0x00110fec                __mprec_bigtens
                0x00111014                __mprec_tinytens
 .rodata        0x00111048       0x14 /opt/altera/13.0sp1/nios2eds/bin/gnu/H-i686-pc-linux-gnu/bin/../lib/gcc/nios2-elf/4.1.2/mno-hw-mul/libgcc.a(_thenan_df.o)
                0x00111048                __thenan_df
 .rodata        0x0011105c      0x100 /opt/altera/13.0sp1/nios2eds/bin/gnu/H-i686-pc-linux-gnu/bin/../lib/gcc/nios2-elf/4.1.2/mno-hw-mul/libgcc.a(_clz.o)
                0x0011105c                __clz_tab
 .rodata.str1.4
                0x0011115c        0xa ../bsp//libucosii_bsp.a(alt_dev.o)
                                  0xc (size before relaxing)
 *fill*         0x00111166        0x2 00
 .rodata.str1.4
                0x00111168       0x11 ../bsp//libucosii_bsp.a(alt_main.o)
                                 0x14 (size before relaxing)
 *fill*         0x00111179        0x3 00
 .rodata.str1.4
                0x0011117c       0x1e ../bsp//libucosii_bsp.a(os_core.o)
                                 0x20 (size before relaxing)
 .rodata        0x0011119a      0x100 ../bsp//libucosii_bsp.a(os_core.o)
                0x0011119a                OSUnMapTbl
 *fill*         0x0011129a        0x2 00
 .rodata.str1.4
                0x0011129c       0x35 ../bsp//libucosii_bsp.a(os_tmr.o)
                                 0x38 (size before relaxing)
 *fill*         0x001112d1        0x3 00
 .rodata.str1.4
                0x001112d4       0x10 ../bsp//libucosii_bsp.a(alt_sys_init.o)
                                 0x24 (size before relaxing)
 .rodata.str1.4
                0x00000000        0x4 ../bsp//libucosii_bsp.a(os_cpu_c.o)
 *(.rodata1)
                0x001112e4                . = ALIGN (0x4)
                0x001112e4                PROVIDE (__ram_rodata_end, ABSOLUTE (.))
                0x00110df4                PROVIDE (__flash_rodata_start, LOADADDR (.rodata))

.rwdata         0x001112e4     0x1b10 load address 0x00112df4
                0x001112e4                PROVIDE (__ram_rwdata_start, ABSOLUTE (.))
                0x001112e4                . = ALIGN (0x4)
 *(.got.plt)
 *(.got)
 *(.data1)
 *(.data .data.* .gnu.linkonce.d.*)
 .data          0x001112e4        0x0 ../bsp//obj/HAL/src/crt0.o
 .data          0x001112e4        0x0 obj/default/SharedMemory.o
 .data          0x001112e4        0x0 /opt/altera/13.0sp1/nios2eds/bin/gnu/H-i686-pc-linux-gnu/bin/../lib/gcc/nios2-elf/4.1.2/../../../../nios2-elf/lib/mno-hw-mul/libc.a(lib_a-printf.o)
 .data          0x001112e4        0x0 /opt/altera/13.0sp1/nios2eds/bin/gnu/H-i686-pc-linux-gnu/bin/../lib/gcc/nios2-elf/4.1.2/../../../../nios2-elf/lib/mno-hw-mul/libc.a(lib_a-puts.o)
 .data          0x001112e4        0x0 /opt/altera/13.0sp1/nios2eds/bin/gnu/H-i686-pc-linux-gnu/bin/../lib/gcc/nios2-elf/4.1.2/../../../../nios2-elf/lib/mno-hw-mul/libc.a(lib_a-strlen.o)
 .data          0x001112e4        0x0 /opt/altera/13.0sp1/nios2eds/bin/gnu/H-i686-pc-linux-gnu/bin/../lib/gcc/nios2-elf/4.1.2/../../../../nios2-elf/lib/mno-hw-mul/libc.a(lib_a-vfprintf.o)
 .data          0x001112e4        0x0 /opt/altera/13.0sp1/nios2eds/bin/gnu/H-i686-pc-linux-gnu/bin/../lib/gcc/nios2-elf/4.1.2/../../../../nios2-elf/lib/mno-hw-mul/libc.a(lib_a-wsetup.o)
 .data          0x001112e4        0x0 /opt/altera/13.0sp1/nios2eds/bin/gnu/H-i686-pc-linux-gnu/bin/../lib/gcc/nios2-elf/4.1.2/../../../../nios2-elf/lib/mno-hw-mul/libc.a(lib_a-dtoa.o)
 .data          0x001112e4        0x0 /opt/altera/13.0sp1/nios2eds/bin/gnu/H-i686-pc-linux-gnu/bin/../lib/gcc/nios2-elf/4.1.2/../../../../nios2-elf/lib/mno-hw-mul/libc.a(lib_a-fflush.o)
 .data          0x001112e4        0x0 /opt/altera/13.0sp1/nios2eds/bin/gnu/H-i686-pc-linux-gnu/bin/../lib/gcc/nios2-elf/4.1.2/../../../../nios2-elf/lib/mno-hw-mul/libc.a(lib_a-findfp.o)
 .data          0x001112e4        0x0 /opt/altera/13.0sp1/nios2eds/bin/gnu/H-i686-pc-linux-gnu/bin/../lib/gcc/nios2-elf/4.1.2/../../../../nios2-elf/lib/mno-hw-mul/libc.a(lib_a-freer.o)
 .data          0x001112e4        0x0 /opt/altera/13.0sp1/nios2eds/bin/gnu/H-i686-pc-linux-gnu/bin/../lib/gcc/nios2-elf/4.1.2/../../../../nios2-elf/lib/mno-hw-mul/libc.a(lib_a-fvwrite.o)
 .data          0x001112e4        0x0 /opt/altera/13.0sp1/nios2eds/bin/gnu/H-i686-pc-linux-gnu/bin/../lib/gcc/nios2-elf/4.1.2/../../../../nios2-elf/lib/mno-hw-mul/libc.a(lib_a-fwalk.o)
 .data          0x001112e4      0x400 /opt/altera/13.0sp1/nios2eds/bin/gnu/H-i686-pc-linux-gnu/bin/../lib/gcc/nios2-elf/4.1.2/../../../../nios2-elf/lib/mno-hw-mul/libc.a(lib_a-impure.o)
 .data          0x001116e4        0xc /opt/altera/13.0sp1/nios2eds/bin/gnu/H-i686-pc-linux-gnu/bin/../lib/gcc/nios2-elf/4.1.2/../../../../nios2-elf/lib/mno-hw-mul/libc.a(lib_a-locale.o)
                0x001116e4                __lc_ctype
 .data          0x001116f0        0x0 /opt/altera/13.0sp1/nios2eds/bin/gnu/H-i686-pc-linux-gnu/bin/../lib/gcc/nios2-elf/4.1.2/../../../../nios2-elf/lib/mno-hw-mul/libc.a(lib_a-makebuf.o)
 .data          0x001116f0      0x408 /opt/altera/13.0sp1/nios2eds/bin/gnu/H-i686-pc-linux-gnu/bin/../lib/gcc/nios2-elf/4.1.2/../../../../nios2-elf/lib/mno-hw-mul/libc.a(lib_a-mallocr.o)
                0x001116f0                __malloc_av_
 .data          0x00111af8        0x0 /opt/altera/13.0sp1/nios2eds/bin/gnu/H-i686-pc-linux-gnu/bin/../lib/gcc/nios2-elf/4.1.2/../../../../nios2-elf/lib/mno-hw-mul/libc.a(lib_a-memchr.o)
 .data          0x00111af8        0x0 /opt/altera/13.0sp1/nios2eds/bin/gnu/H-i686-pc-linux-gnu/bin/../lib/gcc/nios2-elf/4.1.2/../../../../nios2-elf/lib/mno-hw-mul/libc.a(lib_a-memcpy.o)
 .data          0x00111af8        0x0 /opt/altera/13.0sp1/nios2eds/bin/gnu/H-i686-pc-linux-gnu/bin/../lib/gcc/nios2-elf/4.1.2/../../../../nios2-elf/lib/mno-hw-mul/libc.a(lib_a-memmove.o)
 .data          0x00111af8        0x0 /opt/altera/13.0sp1/nios2eds/bin/gnu/H-i686-pc-linux-gnu/bin/../lib/gcc/nios2-elf/4.1.2/../../../../nios2-elf/lib/mno-hw-mul/libc.a(lib_a-memset.o)
 .data          0x00111af8        0x0 /opt/altera/13.0sp1/nios2eds/bin/gnu/H-i686-pc-linux-gnu/bin/../lib/gcc/nios2-elf/4.1.2/../../../../nios2-elf/lib/mno-hw-mul/libc.a(lib_a-mprec.o)
 .data          0x00111af8        0x0 /opt/altera/13.0sp1/nios2eds/bin/gnu/H-i686-pc-linux-gnu/bin/../lib/gcc/nios2-elf/4.1.2/../../../../nios2-elf/lib/mno-hw-mul/libc.a(lib_a-reallocr.o)
 .data          0x00111af8        0x0 /opt/altera/13.0sp1/nios2eds/bin/gnu/H-i686-pc-linux-gnu/bin/../lib/gcc/nios2-elf/4.1.2/../../../../nios2-elf/lib/mno-hw-mul/libc.a(lib_a-s_isinfd.o)
 .data          0x00111af8        0x0 /opt/altera/13.0sp1/nios2eds/bin/gnu/H-i686-pc-linux-gnu/bin/../lib/gcc/nios2-elf/4.1.2/../../../../nios2-elf/lib/mno-hw-mul/libc.a(lib_a-s_isnand.o)
 .data          0x00111af8        0x0 /opt/altera/13.0sp1/nios2eds/bin/gnu/H-i686-pc-linux-gnu/bin/../lib/gcc/nios2-elf/4.1.2/../../../../nios2-elf/lib/mno-hw-mul/libc.a(lib_a-sbrkr.o)
 .data          0x00111af8        0x0 /opt/altera/13.0sp1/nios2eds/bin/gnu/H-i686-pc-linux-gnu/bin/../lib/gcc/nios2-elf/4.1.2/../../../../nios2-elf/lib/mno-hw-mul/libc.a(lib_a-stdio.o)
 .data          0x00111af8        0x0 /opt/altera/13.0sp1/nios2eds/bin/gnu/H-i686-pc-linux-gnu/bin/../lib/gcc/nios2-elf/4.1.2/../../../../nios2-elf/lib/mno-hw-mul/libc.a(lib_a-strcmp.o)
 .data          0x00111af8        0x0 /opt/altera/13.0sp1/nios2eds/bin/gnu/H-i686-pc-linux-gnu/bin/../lib/gcc/nios2-elf/4.1.2/../../../../nios2-elf/lib/mno-hw-mul/libc.a(lib_a-writer.o)
 .data          0x00111af8        0x0 /opt/altera/13.0sp1/nios2eds/bin/gnu/H-i686-pc-linux-gnu/bin/../lib/gcc/nios2-elf/4.1.2/../../../../nios2-elf/lib/mno-hw-mul/libc.a(lib_a-callocr.o)
 .data          0x00111af8        0x0 /opt/altera/13.0sp1/nios2eds/bin/gnu/H-i686-pc-linux-gnu/bin/../lib/gcc/nios2-elf/4.1.2/../../../../nios2-elf/lib/mno-hw-mul/libc.a(lib_a-closer.o)
 .data          0x00111af8        0x0 /opt/altera/13.0sp1/nios2eds/bin/gnu/H-i686-pc-linux-gnu/bin/../lib/gcc/nios2-elf/4.1.2/../../../../nios2-elf/lib/mno-hw-mul/libc.a(lib_a-fclose.o)
 .data          0x00111af8        0x0 /opt/altera/13.0sp1/nios2eds/bin/gnu/H-i686-pc-linux-gnu/bin/../lib/gcc/nios2-elf/4.1.2/../../../../nios2-elf/lib/mno-hw-mul/libc.a(lib_a-fstatr.o)
 .data          0x00111af8        0x0 /opt/altera/13.0sp1/nios2eds/bin/gnu/H-i686-pc-linux-gnu/bin/../lib/gcc/nios2-elf/4.1.2/../../../../nios2-elf/lib/mno-hw-mul/libc.a(lib_a-int_errno.o)
 .data          0x00111af8        0x0 /opt/altera/13.0sp1/nios2eds/bin/gnu/H-i686-pc-linux-gnu/bin/../lib/gcc/nios2-elf/4.1.2/../../../../nios2-elf/lib/mno-hw-mul/libc.a(lib_a-isattyr.o)
 .data          0x00111af8        0x0 /opt/altera/13.0sp1/nios2eds/bin/gnu/H-i686-pc-linux-gnu/bin/../lib/gcc/nios2-elf/4.1.2/../../../../nios2-elf/lib/mno-hw-mul/libc.a(lib_a-lseekr.o)
 .data          0x00111af8        0x0 /opt/altera/13.0sp1/nios2eds/bin/gnu/H-i686-pc-linux-gnu/bin/../lib/gcc/nios2-elf/4.1.2/../../../../nios2-elf/lib/mno-hw-mul/libc.a(lib_a-readr.o)
 .data          0x00111af8        0x0 /opt/altera/13.0sp1/nios2eds/bin/gnu/H-i686-pc-linux-gnu/bin/../lib/gcc/nios2-elf/4.1.2/mno-hw-mul/libgcc.a(_udivdi3.o)
 .data          0x00111af8        0x0 /opt/altera/13.0sp1/nios2eds/bin/gnu/H-i686-pc-linux-gnu/bin/../lib/gcc/nios2-elf/4.1.2/mno-hw-mul/libgcc.a(_umoddi3.o)
 .data          0x00111af8        0x0 /opt/altera/13.0sp1/nios2eds/bin/gnu/H-i686-pc-linux-gnu/bin/../lib/gcc/nios2-elf/4.1.2/mno-hw-mul/libgcc.a(_addsub_df.o)
 .data          0x00111af8        0x0 /opt/altera/13.0sp1/nios2eds/bin/gnu/H-i686-pc-linux-gnu/bin/../lib/gcc/nios2-elf/4.1.2/mno-hw-mul/libgcc.a(_mul_df.o)
 .data          0x00111af8        0x0 /opt/altera/13.0sp1/nios2eds/bin/gnu/H-i686-pc-linux-gnu/bin/../lib/gcc/nios2-elf/4.1.2/mno-hw-mul/libgcc.a(_div_df.o)
 .data          0x00111af8        0x0 /opt/altera/13.0sp1/nios2eds/bin/gnu/H-i686-pc-linux-gnu/bin/../lib/gcc/nios2-elf/4.1.2/mno-hw-mul/libgcc.a(_eq_df.o)
 .data          0x00111af8        0x0 /opt/altera/13.0sp1/nios2eds/bin/gnu/H-i686-pc-linux-gnu/bin/../lib/gcc/nios2-elf/4.1.2/mno-hw-mul/libgcc.a(_ne_df.o)
 .data          0x00111af8        0x0 /opt/altera/13.0sp1/nios2eds/bin/gnu/H-i686-pc-linux-gnu/bin/../lib/gcc/nios2-elf/4.1.2/mno-hw-mul/libgcc.a(_gt_df.o)
 .data          0x00111af8        0x0 /opt/altera/13.0sp1/nios2eds/bin/gnu/H-i686-pc-linux-gnu/bin/../lib/gcc/nios2-elf/4.1.2/mno-hw-mul/libgcc.a(_ge_df.o)
 .data          0x00111af8        0x0 /opt/altera/13.0sp1/nios2eds/bin/gnu/H-i686-pc-linux-gnu/bin/../lib/gcc/nios2-elf/4.1.2/mno-hw-mul/libgcc.a(_lt_df.o)
 .data          0x00111af8        0x0 /opt/altera/13.0sp1/nios2eds/bin/gnu/H-i686-pc-linux-gnu/bin/../lib/gcc/nios2-elf/4.1.2/mno-hw-mul/libgcc.a(_si_to_df.o)
 .data          0x00111af8        0x0 /opt/altera/13.0sp1/nios2eds/bin/gnu/H-i686-pc-linux-gnu/bin/../lib/gcc/nios2-elf/4.1.2/mno-hw-mul/libgcc.a(_df_to_si.o)
 .data          0x00111af8        0x0 /opt/altera/13.0sp1/nios2eds/bin/gnu/H-i686-pc-linux-gnu/bin/../lib/gcc/nios2-elf/4.1.2/mno-hw-mul/libgcc.a(_thenan_df.o)
 .data          0x00111af8        0x0 /opt/altera/13.0sp1/nios2eds/bin/gnu/H-i686-pc-linux-gnu/bin/../lib/gcc/nios2-elf/4.1.2/mno-hw-mul/libgcc.a(_usi_to_df.o)
 .data          0x00111af8        0x0 /opt/altera/13.0sp1/nios2eds/bin/gnu/H-i686-pc-linux-gnu/bin/../lib/gcc/nios2-elf/4.1.2/mno-hw-mul/libgcc.a(lib2-divmod.o)
 .data          0x00111af8        0x0 /opt/altera/13.0sp1/nios2eds/bin/gnu/H-i686-pc-linux-gnu/bin/../lib/gcc/nios2-elf/4.1.2/mno-hw-mul/libgcc.a(lib2-mul.o)
 .data          0x00111af8        0x0 /opt/altera/13.0sp1/nios2eds/bin/gnu/H-i686-pc-linux-gnu/bin/../lib/gcc/nios2-elf/4.1.2/mno-hw-mul/libgcc.a(_muldi3.o)
 .data          0x00111af8        0x0 /opt/altera/13.0sp1/nios2eds/bin/gnu/H-i686-pc-linux-gnu/bin/../lib/gcc/nios2-elf/4.1.2/mno-hw-mul/libgcc.a(_clz.o)
 .data          0x00111af8        0x0 /opt/altera/13.0sp1/nios2eds/bin/gnu/H-i686-pc-linux-gnu/bin/../lib/gcc/nios2-elf/4.1.2/mno-hw-mul/libgcc.a(_clzsi2.o)
 .data          0x00111af8        0x0 /opt/altera/13.0sp1/nios2eds/bin/gnu/H-i686-pc-linux-gnu/bin/../lib/gcc/nios2-elf/4.1.2/mno-hw-mul/libgcc.a(_pack_df.o)
 .data          0x00111af8        0x0 /opt/altera/13.0sp1/nios2eds/bin/gnu/H-i686-pc-linux-gnu/bin/../lib/gcc/nios2-elf/4.1.2/mno-hw-mul/libgcc.a(_unpack_df.o)
 .data          0x00111af8        0x0 /opt/altera/13.0sp1/nios2eds/bin/gnu/H-i686-pc-linux-gnu/bin/../lib/gcc/nios2-elf/4.1.2/mno-hw-mul/libgcc.a(_fpcmp_parts_df.o)
 .data          0x00111af8        0x0 ../bsp//libucosii_bsp.a(alt_close.o)
 .data          0x00111af8      0x1a8 ../bsp//libucosii_bsp.a(alt_dev.o)
                0x00111af8                alt_dev_null
                0x00111b20                alt_fd_list
 .data          0x00111ca0        0x0 ../bsp//libucosii_bsp.a(alt_errno.o)
 .data          0x00111ca0        0x0 ../bsp//libucosii_bsp.a(alt_fstat.o)
 .data          0x00111ca0        0x0 ../bsp//libucosii_bsp.a(alt_isatty.o)
 .data          0x00111ca0        0x0 ../bsp//libucosii_bsp.a(alt_load.o)
 .data          0x00111ca0        0x0 ../bsp//libucosii_bsp.a(alt_lseek.o)
 .data          0x00111ca0        0x0 ../bsp//libucosii_bsp.a(alt_main.o)
 .data          0x00111ca0        0x0 ../bsp//libucosii_bsp.a(alt_read.o)
 .data          0x00111ca0        0x0 ../bsp//libucosii_bsp.a(alt_release_fd.o)
 .data          0x00111ca0        0x0 ../bsp//libucosii_bsp.a(alt_sbrk.o)
 .data          0x00111ca0        0x0 ../bsp//libucosii_bsp.a(alt_write.o)
 .data          0x00111ca0        0x0 ../bsp//libucosii_bsp.a(alt_env_lock.o)
 .data          0x00111ca0        0x0 ../bsp//libucosii_bsp.a(alt_malloc_lock.o)
 .data          0x00111ca0        0x0 ../bsp//libucosii_bsp.a(os_core.o)
 .data          0x00111ca0        0x0 ../bsp//libucosii_bsp.a(os_dbg.o)
 .data          0x00111ca0        0x0 ../bsp//libucosii_bsp.a(os_flag.o)
 .data          0x00111ca0        0x0 ../bsp//libucosii_bsp.a(os_mem.o)
 .data          0x00111ca0        0x0 ../bsp//libucosii_bsp.a(os_q.o)
 .data          0x00111ca0        0x0 ../bsp//libucosii_bsp.a(os_sem.o)
 .data          0x00111ca0        0x0 ../bsp//libucosii_bsp.a(os_task.o)
 .data          0x00111ca0        0x0 ../bsp//libucosii_bsp.a(os_time.o)
 .data          0x00111ca0        0x0 ../bsp//libucosii_bsp.a(os_tmr.o)
 .data          0x00111ca0     0x1098 ../bsp//libucosii_bsp.a(alt_sys_init.o)
 .data          0x00112d38        0x0 ../bsp//libucosii_bsp.a(altera_avalon_jtag_uart_fd.o)
 .data          0x00112d38        0x0 ../bsp//libucosii_bsp.a(altera_avalon_jtag_uart_init.o)
 .data          0x00112d38        0x0 ../bsp//libucosii_bsp.a(altera_avalon_jtag_uart_ioctl.o)
 .data          0x00112d38        0x0 ../bsp//libucosii_bsp.a(altera_avalon_jtag_uart_read.o)
 .data          0x00112d38        0x0 ../bsp//libucosii_bsp.a(altera_avalon_jtag_uart_write.o)
 .data          0x00112d38        0x0 ../bsp//libucosii_bsp.a(altera_avalon_timer_sc.o)
 .data          0x00112d38        0x0 ../bsp//libucosii_bsp.a(altera_up_avalon_character_lcd.o)
 .data          0x00112d38        0x0 ../bsp//libucosii_bsp.a(alt_alarm_start.o)
 .data          0x00112d38        0x0 ../bsp//libucosii_bsp.a(alt_dcache_flush_all.o)
 .data          0x00112d38        0x0 ../bsp//libucosii_bsp.a(alt_dev_llist_insert.o)
 .data          0x00112d38        0x0 ../bsp//libucosii_bsp.a(alt_do_ctors.o)
 .data          0x00112d38        0x0 ../bsp//libucosii_bsp.a(alt_do_dtors.o)
 .data          0x00112d38        0x0 ../bsp//libucosii_bsp.a(alt_find_dev.o)
 .data          0x00112d38        0x0 ../bsp//libucosii_bsp.a(alt_icache_flush_all.o)
 .data          0x00112d38        0x0 ../bsp//libucosii_bsp.a(alt_iic.o)
 .data          0x00112d38        0x0 ../bsp//libucosii_bsp.a(alt_iic_isr_register.o)
 .data          0x00112d38        0x0 ../bsp//libucosii_bsp.a(alt_io_redirect.o)
 .data          0x00112d38        0x0 ../bsp//libucosii_bsp.a(alt_irq_entry.o)
 .data          0x00112d38        0x0 ../bsp//libucosii_bsp.a(alt_irq_handler.o)
 .data          0x00112d38        0x0 ../bsp//libucosii_bsp.a(alt_irq_vars.o)
 .data          0x00112d38        0x0 ../bsp//libucosii_bsp.a(alt_open.o)
 .data          0x00112d38        0x0 ../bsp//libucosii_bsp.a(alt_tick.o)
 .data          0x00112d38        0x0 ../bsp//libucosii_bsp.a(altera_nios2_qsys_irq.o)
 .data          0x00112d38        0x0 ../bsp//libucosii_bsp.a(os_cpu_a.o)
 .data          0x00112d38        0x0 ../bsp//libucosii_bsp.a(os_cpu_c.o)
 .data          0x00112d38        0x0 ../bsp//libucosii_bsp.a(alt_exception_entry.o)
 .data          0x00112d38        0x0 ../bsp//libucosii_bsp.a(alt_find_file.o)
 .data          0x00112d38        0x0 ../bsp//libucosii_bsp.a(alt_get_fd.o)
 .data          0x00112d38        0x0 /opt/altera/13.0sp1/nios2eds/bin/gnu/H-i686-pc-linux-gnu/bin/../lib/gcc/nios2-elf/4.1.2/../../../../nios2-elf/lib/mno-hw-mul/libc.a(lib_a-atexit.o)
 .data          0x00112d38        0x0 /opt/altera/13.0sp1/nios2eds/bin/gnu/H-i686-pc-linux-gnu/bin/../lib/gcc/nios2-elf/4.1.2/../../../../nios2-elf/lib/mno-hw-mul/libc.a(lib_a-exit.o)
 .data          0x00112d38        0x0 /opt/altera/13.0sp1/nios2eds/bin/gnu/H-i686-pc-linux-gnu/bin/../lib/gcc/nios2-elf/4.1.2/../../../../nios2-elf/lib/mno-hw-mul/libc.a(lib_a-memcmp.o)
 .data          0x00112d38        0x0 /opt/altera/13.0sp1/nios2eds/bin/gnu/H-i686-pc-linux-gnu/bin/../lib/gcc/nios2-elf/4.1.2/../../../../nios2-elf/lib/mno-hw-mul/libc.a(lib_a-__atexit.o)
 .data          0x00112d38        0x0 /opt/altera/13.0sp1/nios2eds/bin/gnu/H-i686-pc-linux-gnu/bin/../lib/gcc/nios2-elf/4.1.2/../../../../nios2-elf/lib/mno-hw-mul/libc.a(lib_a-__call_atexit.o)
 .data          0x00112d38        0x0 /opt/altera/13.0sp1/nios2eds/bin/gnu/H-i686-pc-linux-gnu/bin/../lib/gcc/nios2-elf/4.1.2/mno-hw-mul/libgcc.a(_fixunsdfsi.o)
 .data          0x00112d38        0x0 ../bsp//libucosii_bsp.a(alt_exit.o)
                0x0011ad38                _gp = ABSOLUTE ((. + 0x8000))
                0x0011ad38                PROVIDE (gp, _gp)
 *(.rwdata .rwdata.*)
 *(.sdata .sdata.* .gnu.linkonce.s.*)
 .sdata         0x00112d38        0x8 /opt/altera/13.0sp1/nios2eds/bin/gnu/H-i686-pc-linux-gnu/bin/../lib/gcc/nios2-elf/4.1.2/../../../../nios2-elf/lib/mno-hw-mul/libc.a(lib_a-impure.o)
                0x00112d38                _impure_ptr
                0x00112d3c                _global_impure_ptr
 .sdata         0x00112d40        0x8 /opt/altera/13.0sp1/nios2eds/bin/gnu/H-i686-pc-linux-gnu/bin/../lib/gcc/nios2-elf/4.1.2/../../../../nios2-elf/lib/mno-hw-mul/libc.a(lib_a-locale.o)
                0x00112d40                __mb_cur_max
 .sdata         0x00112d48        0x8 /opt/altera/13.0sp1/nios2eds/bin/gnu/H-i686-pc-linux-gnu/bin/../lib/gcc/nios2-elf/4.1.2/../../../../nios2-elf/lib/mno-hw-mul/libc.a(lib_a-mallocr.o)
                0x00112d48                __malloc_trim_threshold
                0x00112d4c                __malloc_sbrk_base
 .sdata         0x00112d50       0x14 ../bsp//libucosii_bsp.a(alt_dev.o)
                0x00112d50                alt_fs_list
                0x00112d58                alt_dev_list
                0x00112d60                alt_max_fd
 .sdata         0x00112d64        0x4 ../bsp//libucosii_bsp.a(alt_errno.o)
                0x00112d64                alt_errno
 .sdata         0x00112d68        0x4 ../bsp//libucosii_bsp.a(alt_sbrk.o)
 .sdata         0x00112d6c        0x4 ../bsp//libucosii_bsp.a(alt_env_lock.o)
 .sdata         0x00112d70        0x4 ../bsp//libucosii_bsp.a(alt_malloc_lock.o)
 .sdata         0x00112d74       0x74 ../bsp//libucosii_bsp.a(os_dbg.o)
                0x00112d74                OSDebugEn
                0x00112d78                OSEndiannessTest
                0x00112d7c                OSEventEn
                0x00112d7e                OSEventMax
                0x00112d80                OSEventNameSize
                0x00112d82                OSEventSize
                0x00112d84                OSEventTblSize
                0x00112d86                OSEventMultiEn
                0x00112d88                OSFlagEn
                0x00112d8a                OSFlagGrpSize
                0x00112d8c                OSFlagNodeSize
                0x00112d8e                OSFlagWidth
                0x00112d90                OSFlagMax
                0x00112d92                OSFlagNameSize
                0x00112d94                OSLowestPrio
                0x00112d96                OSMboxEn
                0x00112d98                OSMemEn
                0x00112d9a                OSMemMax
                0x00112d9c                OSMemNameSize
                0x00112d9e                OSMemSize
                0x00112da0                OSMemTblSize
                0x00112da2                OSMutexEn
                0x00112da4                OSPtrSize
                0x00112da6                OSQEn
                0x00112da8                OSQMax
                0x00112daa                OSQSize
                0x00112dac                OSRdyTblSize
                0x00112dae                OSSemEn
                0x00112db0                OSStkWidth
                0x00112db2                OSTaskCreateEn
                0x00112db4                OSTaskCreateExtEn
                0x00112db6                OSTaskDelEn
                0x00112db8                OSTaskIdleStkSize
                0x00112dba                OSTaskProfileEn
                0x00112dbc                OSTaskMax
                0x00112dbe                OSTaskNameSize
                0x00112dc0                OSTaskStatEn
                0x00112dc2                OSTaskStatStkSize
                0x00112dc4                OSTaskStatStkChkEn
                0x00112dc6                OSTaskSwHookEn
                0x00112dc8                OSTCBPrioTblMax
                0x00112dca                OSTCBSize
                0x00112dcc                OSTicksPerSec
                0x00112dce                OSTimeTickHookEn
                0x00112dd0                OSVersionNbr
                0x00112dd2                OSTmrEn
                0x00112dd4                OSTmrCfgMax
                0x00112dd6                OSTmrCfgNameSize
                0x00112dd8                OSTmrCfgWheelSize
                0x00112dda                OSTmrCfgTicksPerSec
                0x00112ddc                OSTmrSize
                0x00112dde                OSTmrTblSize
                0x00112de0                OSTmrWheelSize
                0x00112de2                OSTmrWheelTblSize
                0x00112de4                OSDataSize
 .sdata         0x00112de8        0x4 ../bsp//libucosii_bsp.a(alt_irq_vars.o)
                0x00112de8                alt_priority_mask
 .sdata         0x00112dec        0x8 ../bsp//libucosii_bsp.a(alt_tick.o)
                0x00112dec                alt_alarm_list
 *(.sdata2 .sdata2.* .gnu.linkonce.s2.*)
                0x00112df4                . = ALIGN (0x4)
                0x00112df4                _edata = ABSOLUTE (.)
                0x00112df4                PROVIDE (edata, ABSOLUTE (.))
                0x00112df4                PROVIDE (__ram_rwdata_end, ABSOLUTE (.))
                0x00112df4                PROVIDE (__flash_rwdata_start, LOADADDR (.rwdata))

.bss            0x00114904     0xa0ec
                0x00114904                __bss_start = ABSOLUTE (.)
                0x00114904                PROVIDE (__sbss_start, ABSOLUTE (.))
                0x00114904                PROVIDE (___sbss_start, ABSOLUTE (.))
 *(.dynsbss)
 *(.sbss .sbss.* .gnu.linkonce.sb.*)
 .sbss          0x00114904        0x4 obj/default/SharedMemory.o
                0x00114904                SharedData
 .sbss          0x00114908        0x8 obj/default/SharedMemory.o
                0x00114908                Sem1
                0x0011490c                Sem2
 .sbss          0x00114910        0xc /opt/altera/13.0sp1/nios2eds/bin/gnu/H-i686-pc-linux-gnu/bin/../lib/gcc/nios2-elf/4.1.2/../../../../nios2-elf/lib/mno-hw-mul/libc.a(lib_a-locale.o)
                0x00114910                __nlocale_changed
                0x00114914                __mlocale_changed
                0x00114918                _PathLocale
 .sbss          0x0011491c        0xc /opt/altera/13.0sp1/nios2eds/bin/gnu/H-i686-pc-linux-gnu/bin/../lib/gcc/nios2-elf/4.1.2/../../../../nios2-elf/lib/mno-hw-mul/libc.a(lib_a-mallocr.o)
                0x0011491c                __malloc_top_pad
                0x00114920                __malloc_max_sbrked_mem
                0x00114924                __malloc_max_total_mem
 .sbss          0x00114928        0x4 /opt/altera/13.0sp1/nios2eds/bin/gnu/H-i686-pc-linux-gnu/bin/../lib/gcc/nios2-elf/4.1.2/../../../../nios2-elf/lib/mno-hw-mul/libc.a(lib_a-int_errno.o)
                0x00114928                errno
 .sbss          0x0011492c        0x4 ../bsp//libucosii_bsp.a(alt_dev.o)
                0x0011492c                alt_fd_list_lock
 .sbss          0x00114930        0xc ../bsp//libucosii_bsp.a(alt_main.o)
                0x00114930                alt_argc
                0x00114934                alt_argv
                0x00114938                alt_envp
 .sbss          0x0011493c        0x8 ../bsp//libucosii_bsp.a(alt_env_lock.o)
                0x00114940                alt_envsem
 .sbss          0x00114944        0x8 ../bsp//libucosii_bsp.a(alt_malloc_lock.o)
                0x00114948                alt_heapsem
 .sbss          0x0011494c       0x68 ../bsp//libucosii_bsp.a(os_core.o)
                0x0011494c                OSTmrFreeList
                0x00114950                OSLockNesting
                0x00114954                OSTmrSemSignal
                0x00114958                OSRunning
                0x0011495c                OSIdleCtr
                0x00114960                OSTmrUsed
                0x00114962                OSPrioHighRdy
                0x00114963                OSPrioCur
                0x00114964                OSTCBList
                0x00114968                OSTickStepState
                0x0011496c                OSCtxSwCtr
                0x00114970                OSTmrFree
                0x00114974                OSIdleCtrMax
                0x00114978                OSTCBFreeList
                0x0011497c                OSCPUUsage
                0x0011497d                OSTaskCtr
                0x00114980                OSMemFreeList
                0x00114984                OSTCBHighRdy
                0x00114988                OSQFreeList
                0x0011498c                OSRdyGrp
                0x0011498d                OSRdyTbl
                0x00114990                OSEventFreeList
                0x00114994                OSIntNesting
                0x00114998                OSTCBCur
                0x0011499c                OSTmrTime
                0x001149a0                OSTime
                0x001149a4                OSTmrSem
                0x001149a8                OSFlagFreeList
                0x001149ac                OSStatRdy
                0x001149b0                OSIdleCtrRun
 .sbss          0x001149b4        0x4 ../bsp//libucosii_bsp.a(alt_irq_vars.o)
                0x001149b4                alt_irq_active
 .sbss          0x001149b8        0x8 ../bsp//libucosii_bsp.a(alt_tick.o)
                0x001149b8                _alt_tick_rate
                0x001149bc                _alt_nticks
 .sbss          0x001149c0        0x2 ../bsp//libucosii_bsp.a(os_cpu_c.o)
 *(.sbss2 .sbss2.* .gnu.linkonce.sb2.*)
 *(.scommon)
                0x001149c2                PROVIDE (__sbss_end, ABSOLUTE (.))
                0x001149c2                PROVIDE (___sbss_end, ABSOLUTE (.))
 *(.dynbss)
 *(.bss .bss.* .gnu.linkonce.b.*)
 .bss           0x001149c2        0x0 ../bsp//obj/HAL/src/crt0.o
 .bss           0x001149c2        0x0 obj/default/SharedMemory.o
 .bss           0x001149c2        0x0 /opt/altera/13.0sp1/nios2eds/bin/gnu/H-i686-pc-linux-gnu/bin/../lib/gcc/nios2-elf/4.1.2/../../../../nios2-elf/lib/mno-hw-mul/libc.a(lib_a-printf.o)
 .bss           0x001149c2        0x0 /opt/altera/13.0sp1/nios2eds/bin/gnu/H-i686-pc-linux-gnu/bin/../lib/gcc/nios2-elf/4.1.2/../../../../nios2-elf/lib/mno-hw-mul/libc.a(lib_a-puts.o)
 .bss           0x001149c2        0x0 /opt/altera/13.0sp1/nios2eds/bin/gnu/H-i686-pc-linux-gnu/bin/../lib/gcc/nios2-elf/4.1.2/../../../../nios2-elf/lib/mno-hw-mul/libc.a(lib_a-strlen.o)
 .bss           0x001149c2        0x0 /opt/altera/13.0sp1/nios2eds/bin/gnu/H-i686-pc-linux-gnu/bin/../lib/gcc/nios2-elf/4.1.2/../../../../nios2-elf/lib/mno-hw-mul/libc.a(lib_a-vfprintf.o)
 .bss           0x001149c2        0x0 /opt/altera/13.0sp1/nios2eds/bin/gnu/H-i686-pc-linux-gnu/bin/../lib/gcc/nios2-elf/4.1.2/../../../../nios2-elf/lib/mno-hw-mul/libc.a(lib_a-wsetup.o)
 .bss           0x001149c2        0x0 /opt/altera/13.0sp1/nios2eds/bin/gnu/H-i686-pc-linux-gnu/bin/../lib/gcc/nios2-elf/4.1.2/../../../../nios2-elf/lib/mno-hw-mul/libc.a(lib_a-dtoa.o)
 .bss           0x001149c2        0x0 /opt/altera/13.0sp1/nios2eds/bin/gnu/H-i686-pc-linux-gnu/bin/../lib/gcc/nios2-elf/4.1.2/../../../../nios2-elf/lib/mno-hw-mul/libc.a(lib_a-fflush.o)
 .bss           0x001149c2        0x0 /opt/altera/13.0sp1/nios2eds/bin/gnu/H-i686-pc-linux-gnu/bin/../lib/gcc/nios2-elf/4.1.2/../../../../nios2-elf/lib/mno-hw-mul/libc.a(lib_a-findfp.o)
 .bss           0x001149c2        0x0 /opt/altera/13.0sp1/nios2eds/bin/gnu/H-i686-pc-linux-gnu/bin/../lib/gcc/nios2-elf/4.1.2/../../../../nios2-elf/lib/mno-hw-mul/libc.a(lib_a-freer.o)
 .bss           0x001149c2        0x0 /opt/altera/13.0sp1/nios2eds/bin/gnu/H-i686-pc-linux-gnu/bin/../lib/gcc/nios2-elf/4.1.2/../../../../nios2-elf/lib/mno-hw-mul/libc.a(lib_a-fvwrite.o)
 .bss           0x001149c2        0x0 /opt/altera/13.0sp1/nios2eds/bin/gnu/H-i686-pc-linux-gnu/bin/../lib/gcc/nios2-elf/4.1.2/../../../../nios2-elf/lib/mno-hw-mul/libc.a(lib_a-fwalk.o)
 .bss           0x001149c2        0x0 /opt/altera/13.0sp1/nios2eds/bin/gnu/H-i686-pc-linux-gnu/bin/../lib/gcc/nios2-elf/4.1.2/../../../../nios2-elf/lib/mno-hw-mul/libc.a(lib_a-impure.o)
 .bss           0x001149c2        0x0 /opt/altera/13.0sp1/nios2eds/bin/gnu/H-i686-pc-linux-gnu/bin/../lib/gcc/nios2-elf/4.1.2/../../../../nios2-elf/lib/mno-hw-mul/libc.a(lib_a-locale.o)
 .bss           0x001149c2        0x0 /opt/altera/13.0sp1/nios2eds/bin/gnu/H-i686-pc-linux-gnu/bin/../lib/gcc/nios2-elf/4.1.2/../../../../nios2-elf/lib/mno-hw-mul/libc.a(lib_a-makebuf.o)
 *fill*         0x001149c2        0x2 00
 .bss           0x001149c4       0x28 /opt/altera/13.0sp1/nios2eds/bin/gnu/H-i686-pc-linux-gnu/bin/../lib/gcc/nios2-elf/4.1.2/../../../../nios2-elf/lib/mno-hw-mul/libc.a(lib_a-mallocr.o)
                0x001149c4                __malloc_current_mallinfo
 .bss           0x001149ec        0x0 /opt/altera/13.0sp1/nios2eds/bin/gnu/H-i686-pc-linux-gnu/bin/../lib/gcc/nios2-elf/4.1.2/../../../../nios2-elf/lib/mno-hw-mul/libc.a(lib_a-memchr.o)
 .bss           0x001149ec        0x0 /opt/altera/13.0sp1/nios2eds/bin/gnu/H-i686-pc-linux-gnu/bin/../lib/gcc/nios2-elf/4.1.2/../../../../nios2-elf/lib/mno-hw-mul/libc.a(lib_a-memcpy.o)
 .bss           0x001149ec        0x0 /opt/altera/13.0sp1/nios2eds/bin/gnu/H-i686-pc-linux-gnu/bin/../lib/gcc/nios2-elf/4.1.2/../../../../nios2-elf/lib/mno-hw-mul/libc.a(lib_a-memmove.o)
 .bss           0x001149ec        0x0 /opt/altera/13.0sp1/nios2eds/bin/gnu/H-i686-pc-linux-gnu/bin/../lib/gcc/nios2-elf/4.1.2/../../../../nios2-elf/lib/mno-hw-mul/libc.a(lib_a-memset.o)
 .bss           0x001149ec        0x0 /opt/altera/13.0sp1/nios2eds/bin/gnu/H-i686-pc-linux-gnu/bin/../lib/gcc/nios2-elf/4.1.2/../../../../nios2-elf/lib/mno-hw-mul/libc.a(lib_a-mprec.o)
 .bss           0x001149ec        0x0 /opt/altera/13.0sp1/nios2eds/bin/gnu/H-i686-pc-linux-gnu/bin/../lib/gcc/nios2-elf/4.1.2/../../../../nios2-elf/lib/mno-hw-mul/libc.a(lib_a-reallocr.o)
 .bss           0x001149ec        0x0 /opt/altera/13.0sp1/nios2eds/bin/gnu/H-i686-pc-linux-gnu/bin/../lib/gcc/nios2-elf/4.1.2/../../../../nios2-elf/lib/mno-hw-mul/libc.a(lib_a-s_isinfd.o)
 .bss           0x001149ec        0x0 /opt/altera/13.0sp1/nios2eds/bin/gnu/H-i686-pc-linux-gnu/bin/../lib/gcc/nios2-elf/4.1.2/../../../../nios2-elf/lib/mno-hw-mul/libc.a(lib_a-s_isnand.o)
 .bss           0x001149ec        0x0 /opt/altera/13.0sp1/nios2eds/bin/gnu/H-i686-pc-linux-gnu/bin/../lib/gcc/nios2-elf/4.1.2/../../../../nios2-elf/lib/mno-hw-mul/libc.a(lib_a-sbrkr.o)
 .bss           0x001149ec        0x0 /opt/altera/13.0sp1/nios2eds/bin/gnu/H-i686-pc-linux-gnu/bin/../lib/gcc/nios2-elf/4.1.2/../../../../nios2-elf/lib/mno-hw-mul/libc.a(lib_a-stdio.o)
 .bss           0x001149ec        0x0 /opt/altera/13.0sp1/nios2eds/bin/gnu/H-i686-pc-linux-gnu/bin/../lib/gcc/nios2-elf/4.1.2/../../../../nios2-elf/lib/mno-hw-mul/libc.a(lib_a-strcmp.o)
 .bss           0x001149ec        0x0 /opt/altera/13.0sp1/nios2eds/bin/gnu/H-i686-pc-linux-gnu/bin/../lib/gcc/nios2-elf/4.1.2/../../../../nios2-elf/lib/mno-hw-mul/libc.a(lib_a-writer.o)
 .bss           0x001149ec        0x0 /opt/altera/13.0sp1/nios2eds/bin/gnu/H-i686-pc-linux-gnu/bin/../lib/gcc/nios2-elf/4.1.2/../../../../nios2-elf/lib/mno-hw-mul/libc.a(lib_a-callocr.o)
 .bss           0x001149ec        0x0 /opt/altera/13.0sp1/nios2eds/bin/gnu/H-i686-pc-linux-gnu/bin/../lib/gcc/nios2-elf/4.1.2/../../../../nios2-elf/lib/mno-hw-mul/libc.a(lib_a-closer.o)
 .bss           0x001149ec        0x0 /opt/altera/13.0sp1/nios2eds/bin/gnu/H-i686-pc-linux-gnu/bin/../lib/gcc/nios2-elf/4.1.2/../../../../nios2-elf/lib/mno-hw-mul/libc.a(lib_a-fclose.o)
 .bss           0x001149ec        0x0 /opt/altera/13.0sp1/nios2eds/bin/gnu/H-i686-pc-linux-gnu/bin/../lib/gcc/nios2-elf/4.1.2/../../../../nios2-elf/lib/mno-hw-mul/libc.a(lib_a-fstatr.o)
 .bss           0x001149ec        0x0 /opt/altera/13.0sp1/nios2eds/bin/gnu/H-i686-pc-linux-gnu/bin/../lib/gcc/nios2-elf/4.1.2/../../../../nios2-elf/lib/mno-hw-mul/libc.a(lib_a-int_errno.o)
 .bss           0x001149ec        0x0 /opt/altera/13.0sp1/nios2eds/bin/gnu/H-i686-pc-linux-gnu/bin/../lib/gcc/nios2-elf/4.1.2/../../../../nios2-elf/lib/mno-hw-mul/libc.a(lib_a-isattyr.o)
 .bss           0x001149ec        0x0 /opt/altera/13.0sp1/nios2eds/bin/gnu/H-i686-pc-linux-gnu/bin/../lib/gcc/nios2-elf/4.1.2/../../../../nios2-elf/lib/mno-hw-mul/libc.a(lib_a-lseekr.o)
 .bss           0x001149ec        0x0 /opt/altera/13.0sp1/nios2eds/bin/gnu/H-i686-pc-linux-gnu/bin/../lib/gcc/nios2-elf/4.1.2/../../../../nios2-elf/lib/mno-hw-mul/libc.a(lib_a-readr.o)
 .bss           0x001149ec        0x0 /opt/altera/13.0sp1/nios2eds/bin/gnu/H-i686-pc-linux-gnu/bin/../lib/gcc/nios2-elf/4.1.2/mno-hw-mul/libgcc.a(_udivdi3.o)
 .bss           0x001149ec        0x0 /opt/altera/13.0sp1/nios2eds/bin/gnu/H-i686-pc-linux-gnu/bin/../lib/gcc/nios2-elf/4.1.2/mno-hw-mul/libgcc.a(_umoddi3.o)
 .bss           0x001149ec        0x0 /opt/altera/13.0sp1/nios2eds/bin/gnu/H-i686-pc-linux-gnu/bin/../lib/gcc/nios2-elf/4.1.2/mno-hw-mul/libgcc.a(_addsub_df.o)
 .bss           0x001149ec        0x0 /opt/altera/13.0sp1/nios2eds/bin/gnu/H-i686-pc-linux-gnu/bin/../lib/gcc/nios2-elf/4.1.2/mno-hw-mul/libgcc.a(_mul_df.o)
 .bss           0x001149ec        0x0 /opt/altera/13.0sp1/nios2eds/bin/gnu/H-i686-pc-linux-gnu/bin/../lib/gcc/nios2-elf/4.1.2/mno-hw-mul/libgcc.a(_div_df.o)
 .bss           0x001149ec        0x0 /opt/altera/13.0sp1/nios2eds/bin/gnu/H-i686-pc-linux-gnu/bin/../lib/gcc/nios2-elf/4.1.2/mno-hw-mul/libgcc.a(_eq_df.o)
 .bss           0x001149ec        0x0 /opt/altera/13.0sp1/nios2eds/bin/gnu/H-i686-pc-linux-gnu/bin/../lib/gcc/nios2-elf/4.1.2/mno-hw-mul/libgcc.a(_ne_df.o)
 .bss           0x001149ec        0x0 /opt/altera/13.0sp1/nios2eds/bin/gnu/H-i686-pc-linux-gnu/bin/../lib/gcc/nios2-elf/4.1.2/mno-hw-mul/libgcc.a(_gt_df.o)
 .bss           0x001149ec        0x0 /opt/altera/13.0sp1/nios2eds/bin/gnu/H-i686-pc-linux-gnu/bin/../lib/gcc/nios2-elf/4.1.2/mno-hw-mul/libgcc.a(_ge_df.o)
 .bss           0x001149ec        0x0 /opt/altera/13.0sp1/nios2eds/bin/gnu/H-i686-pc-linux-gnu/bin/../lib/gcc/nios2-elf/4.1.2/mno-hw-mul/libgcc.a(_lt_df.o)
 .bss           0x001149ec        0x0 /opt/altera/13.0sp1/nios2eds/bin/gnu/H-i686-pc-linux-gnu/bin/../lib/gcc/nios2-elf/4.1.2/mno-hw-mul/libgcc.a(_si_to_df.o)
 .bss           0x001149ec        0x0 /opt/altera/13.0sp1/nios2eds/bin/gnu/H-i686-pc-linux-gnu/bin/../lib/gcc/nios2-elf/4.1.2/mno-hw-mul/libgcc.a(_df_to_si.o)
 .bss           0x001149ec        0x0 /opt/altera/13.0sp1/nios2eds/bin/gnu/H-i686-pc-linux-gnu/bin/../lib/gcc/nios2-elf/4.1.2/mno-hw-mul/libgcc.a(_thenan_df.o)
 .bss           0x001149ec        0x0 /opt/altera/13.0sp1/nios2eds/bin/gnu/H-i686-pc-linux-gnu/bin/../lib/gcc/nios2-elf/4.1.2/mno-hw-mul/libgcc.a(_usi_to_df.o)
 .bss           0x001149ec        0x0 /opt/altera/13.0sp1/nios2eds/bin/gnu/H-i686-pc-linux-gnu/bin/../lib/gcc/nios2-elf/4.1.2/mno-hw-mul/libgcc.a(lib2-divmod.o)
 .bss           0x001149ec        0x0 /opt/altera/13.0sp1/nios2eds/bin/gnu/H-i686-pc-linux-gnu/bin/../lib/gcc/nios2-elf/4.1.2/mno-hw-mul/libgcc.a(lib2-mul.o)
 .bss           0x001149ec        0x0 /opt/altera/13.0sp1/nios2eds/bin/gnu/H-i686-pc-linux-gnu/bin/../lib/gcc/nios2-elf/4.1.2/mno-hw-mul/libgcc.a(_muldi3.o)
 .bss           0x001149ec        0x0 /opt/altera/13.0sp1/nios2eds/bin/gnu/H-i686-pc-linux-gnu/bin/../lib/gcc/nios2-elf/4.1.2/mno-hw-mul/libgcc.a(_clz.o)
 .bss           0x001149ec        0x0 /opt/altera/13.0sp1/nios2eds/bin/gnu/H-i686-pc-linux-gnu/bin/../lib/gcc/nios2-elf/4.1.2/mno-hw-mul/libgcc.a(_clzsi2.o)
 .bss           0x001149ec        0x0 /opt/altera/13.0sp1/nios2eds/bin/gnu/H-i686-pc-linux-gnu/bin/../lib/gcc/nios2-elf/4.1.2/mno-hw-mul/libgcc.a(_pack_df.o)
 .bss           0x001149ec        0x0 /opt/altera/13.0sp1/nios2eds/bin/gnu/H-i686-pc-linux-gnu/bin/../lib/gcc/nios2-elf/4.1.2/mno-hw-mul/libgcc.a(_unpack_df.o)
 .bss           0x001149ec        0x0 /opt/altera/13.0sp1/nios2eds/bin/gnu/H-i686-pc-linux-gnu/bin/../lib/gcc/nios2-elf/4.1.2/mno-hw-mul/libgcc.a(_fpcmp_parts_df.o)
 .bss           0x001149ec        0x0 ../bsp//libucosii_bsp.a(alt_close.o)
 .bss           0x001149ec        0x0 ../bsp//libucosii_bsp.a(alt_dev.o)
 .bss           0x001149ec        0x0 ../bsp//libucosii_bsp.a(alt_errno.o)
 .bss           0x001149ec        0x0 ../bsp//libucosii_bsp.a(alt_fstat.o)
 .bss           0x001149ec        0x0 ../bsp//libucosii_bsp.a(alt_isatty.o)
 .bss           0x001149ec        0x0 ../bsp//libucosii_bsp.a(alt_load.o)
 .bss           0x001149ec        0x0 ../bsp//libucosii_bsp.a(alt_lseek.o)
 .bss           0x001149ec        0x0 ../bsp//libucosii_bsp.a(alt_main.o)
 .bss           0x001149ec        0x0 ../bsp//libucosii_bsp.a(alt_read.o)
 .bss           0x001149ec        0x0 ../bsp//libucosii_bsp.a(alt_release_fd.o)
 .bss           0x001149ec        0x0 ../bsp//libucosii_bsp.a(alt_sbrk.o)
 .bss           0x001149ec        0x0 ../bsp//libucosii_bsp.a(alt_write.o)
 .bss           0x001149ec        0x0 ../bsp//libucosii_bsp.a(alt_env_lock.o)
 .bss           0x001149ec        0x0 ../bsp//libucosii_bsp.a(alt_malloc_lock.o)
 .bss           0x001149ec        0x0 ../bsp//libucosii_bsp.a(os_core.o)
 .bss           0x001149ec        0x0 ../bsp//libucosii_bsp.a(os_dbg.o)
 .bss           0x001149ec        0x0 ../bsp//libucosii_bsp.a(os_flag.o)
 .bss           0x001149ec        0x0 ../bsp//libucosii_bsp.a(os_mem.o)
 .bss           0x001149ec        0x0 ../bsp//libucosii_bsp.a(os_q.o)
 .bss           0x001149ec        0x0 ../bsp//libucosii_bsp.a(os_sem.o)
 .bss           0x001149ec        0x0 ../bsp//libucosii_bsp.a(os_task.o)
 .bss           0x001149ec        0x0 ../bsp//libucosii_bsp.a(os_time.o)
 .bss           0x001149ec        0x0 ../bsp//libucosii_bsp.a(os_tmr.o)
 .bss           0x001149ec        0x0 ../bsp//libucosii_bsp.a(alt_sys_init.o)
 .bss           0x001149ec        0x0 ../bsp//libucosii_bsp.a(altera_avalon_jtag_uart_fd.o)
 .bss           0x001149ec        0x0 ../bsp//libucosii_bsp.a(altera_avalon_jtag_uart_init.o)
 .bss           0x001149ec        0x0 ../bsp//libucosii_bsp.a(altera_avalon_jtag_uart_ioctl.o)
 .bss           0x001149ec        0x0 ../bsp//libucosii_bsp.a(altera_avalon_jtag_uart_read.o)
 .bss           0x001149ec        0x0 ../bsp//libucosii_bsp.a(altera_avalon_jtag_uart_write.o)
 .bss           0x001149ec        0x0 ../bsp//libucosii_bsp.a(altera_avalon_timer_sc.o)
 .bss           0x001149ec        0x0 ../bsp//libucosii_bsp.a(altera_up_avalon_character_lcd.o)
 .bss           0x001149ec        0x0 ../bsp//libucosii_bsp.a(alt_alarm_start.o)
 .bss           0x001149ec        0x0 ../bsp//libucosii_bsp.a(alt_dcache_flush_all.o)
 .bss           0x001149ec        0x0 ../bsp//libucosii_bsp.a(alt_dev_llist_insert.o)
 .bss           0x001149ec        0x0 ../bsp//libucosii_bsp.a(alt_do_ctors.o)
 .bss           0x001149ec        0x0 ../bsp//libucosii_bsp.a(alt_do_dtors.o)
 .bss           0x001149ec        0x0 ../bsp//libucosii_bsp.a(alt_find_dev.o)
 .bss           0x001149ec        0x0 ../bsp//libucosii_bsp.a(alt_icache_flush_all.o)
 .bss           0x001149ec        0x0 ../bsp//libucosii_bsp.a(alt_iic.o)
 .bss           0x001149ec        0x0 ../bsp//libucosii_bsp.a(alt_iic_isr_register.o)
 .bss           0x001149ec        0x0 ../bsp//libucosii_bsp.a(alt_io_redirect.o)
 .bss           0x001149ec        0x0 ../bsp//libucosii_bsp.a(alt_irq_entry.o)
 .bss           0x001149ec        0x0 ../bsp//libucosii_bsp.a(alt_irq_handler.o)
 .bss           0x001149ec        0x0 ../bsp//libucosii_bsp.a(alt_irq_vars.o)
 .bss           0x001149ec        0x0 ../bsp//libucosii_bsp.a(alt_open.o)
 .bss           0x001149ec        0x0 ../bsp//libucosii_bsp.a(alt_tick.o)
 .bss           0x001149ec        0x0 ../bsp//libucosii_bsp.a(altera_nios2_qsys_irq.o)
 .bss           0x001149ec        0x0 ../bsp//libucosii_bsp.a(os_cpu_a.o)
 .bss           0x001149ec        0x0 ../bsp//libucosii_bsp.a(os_cpu_c.o)
 .bss           0x001149ec        0x0 ../bsp//libucosii_bsp.a(alt_exception_entry.o)
 .bss           0x001149ec        0x0 ../bsp//libucosii_bsp.a(alt_find_file.o)
 .bss           0x001149ec        0x0 ../bsp//libucosii_bsp.a(alt_get_fd.o)
 .bss           0x001149ec        0x0 /opt/altera/13.0sp1/nios2eds/bin/gnu/H-i686-pc-linux-gnu/bin/../lib/gcc/nios2-elf/4.1.2/../../../../nios2-elf/lib/mno-hw-mul/libc.a(lib_a-atexit.o)
 .bss           0x001149ec        0x0 /opt/altera/13.0sp1/nios2eds/bin/gnu/H-i686-pc-linux-gnu/bin/../lib/gcc/nios2-elf/4.1.2/../../../../nios2-elf/lib/mno-hw-mul/libc.a(lib_a-exit.o)
 .bss           0x001149ec        0x0 /opt/altera/13.0sp1/nios2eds/bin/gnu/H-i686-pc-linux-gnu/bin/../lib/gcc/nios2-elf/4.1.2/../../../../nios2-elf/lib/mno-hw-mul/libc.a(lib_a-memcmp.o)
 .bss           0x001149ec        0x0 /opt/altera/13.0sp1/nios2eds/bin/gnu/H-i686-pc-linux-gnu/bin/../lib/gcc/nios2-elf/4.1.2/../../../../nios2-elf/lib/mno-hw-mul/libc.a(lib_a-__atexit.o)
 .bss           0x001149ec        0x0 /opt/altera/13.0sp1/nios2eds/bin/gnu/H-i686-pc-linux-gnu/bin/../lib/gcc/nios2-elf/4.1.2/../../../../nios2-elf/lib/mno-hw-mul/libc.a(lib_a-__call_atexit.o)
 .bss           0x001149ec        0x0 /opt/altera/13.0sp1/nios2eds/bin/gnu/H-i686-pc-linux-gnu/bin/../lib/gcc/nios2-elf/4.1.2/mno-hw-mul/libgcc.a(_fixunsdfsi.o)
 .bss           0x001149ec        0x0 ../bsp//libucosii_bsp.a(alt_exit.o)
 *(COMMON)
 COMMON         0x001149ec     0x6000 obj/default/SharedMemory.o
                0x001149ec                task1_stk
                0x001169ec                stat_stk
                0x001189ec                task2_stk
 COMMON         0x0011a9ec     0x3d74 ../bsp//libucosii_bsp.a(os_core.o)
                0x0011a9ec                OSTmrWheelTbl
                0x0011a9fc                OSFlagTbl
                0x0011ad6c                OSTmrTbl
                0x0011b0ac                OSMemTbl
                0x0011bcdc                OSTaskStatStk
                0x0011c4dc                OSQTbl
                0x0011c6bc                OSTmrTaskStk
                0x0011cebc                OSTaskIdleStk
                0x0011d6bc                OSEventTbl
                0x0011e1fc                OSTCBTbl
                0x0011e70c                OSTCBPrioTbl
 COMMON         0x0011e760      0x100 ../bsp//libucosii_bsp.a(alt_irq_handler.o)
                0x0011e760                alt_irq
 COMMON         0x0011e860      0x190 /opt/altera/13.0sp1/nios2eds/bin/gnu/H-i686-pc-linux-gnu/bin/../lib/gcc/nios2-elf/4.1.2/../../../../nios2-elf/lib/mno-hw-mul/libc.a(lib_a-atexit.o)
                0x0011e860                _atexit0
                0x0011e9f0                . = ALIGN (0x4)
                0x0011e9f0                __bss_end = ABSOLUTE (.)

.onchip_memory  0x00000000        0x0 load address 0x0011e9f0
                0x00000000                PROVIDE (_alt_partition_onchip_memory_start, ABSOLUTE (.))
 *(.onchip_memory. onchip_memory.*)
                0x00000000                . = ALIGN (0x4)
                0x00000000                PROVIDE (_alt_partition_onchip_memory_end, ABSOLUTE (.))
                0x0011e9f0                PROVIDE (_alt_partition_onchip_memory_load_addr, LOADADDR (.onchip_memory))

.sram           0x0011e9f0        0x0
                0x0011e9f0                PROVIDE (_alt_partition_sram_start, ABSOLUTE (.))
 *(.sram. sram.*)
                0x0011e9f0                . = ALIGN (0x4)
                0x0011e9f0                PROVIDE (_alt_partition_sram_end, ABSOLUTE (.))
                0x0011e9f0                _end = ABSOLUTE (.)
                0x0011e9f0                end = ABSOLUTE (.)
                0x0011e9f0                __alt_stack_base = ABSOLUTE (.)
                0x0011e9f0                PROVIDE (_alt_partition_sram_load_addr, LOADADDR (.sram))

.sdram          0x01000144        0x0 load address 0x0011e9f0
                0x01000144                PROVIDE (_alt_partition_sdram_start, ABSOLUTE (.))
 *(.sdram. sdram.*)
                0x01000144                . = ALIGN (0x4)
                0x01000144                PROVIDE (_alt_partition_sdram_end, ABSOLUTE (.))
                0x0011e9f0                PROVIDE (_alt_partition_sdram_load_addr, LOADADDR (.sdram))

.stab
 *(.stab)

.stabstr
 *(.stabstr)

.stab.excl
 *(.stab.excl)

.stab.exclstr
 *(.stab.exclstr)

.stab.index
 *(.stab.index)

.stab.indexstr
 *(.stab.indexstr)

.comment        0x00000000       0x26
 *(.comment)
 .comment       0x00000000       0x26 obj/default/SharedMemory.o
                                 0x27 (size before relaxing)
 .comment       0x00000000       0x27 /opt/altera/13.0sp1/nios2eds/bin/gnu/H-i686-pc-linux-gnu/bin/../lib/gcc/nios2-elf/4.1.2/../../../../nios2-elf/lib/mno-hw-mul/libc.a(lib_a-printf.o)
 .comment       0x00000000       0x27 /opt/altera/13.0sp1/nios2eds/bin/gnu/H-i686-pc-linux-gnu/bin/../lib/gcc/nios2-elf/4.1.2/../../../../nios2-elf/lib/mno-hw-mul/libc.a(lib_a-puts.o)
 .comment       0x00000000       0x27 /opt/altera/13.0sp1/nios2eds/bin/gnu/H-i686-pc-linux-gnu/bin/../lib/gcc/nios2-elf/4.1.2/../../../../nios2-elf/lib/mno-hw-mul/libc.a(lib_a-strlen.o)
 .comment       0x00000000       0x27 /opt/altera/13.0sp1/nios2eds/bin/gnu/H-i686-pc-linux-gnu/bin/../lib/gcc/nios2-elf/4.1.2/../../../../nios2-elf/lib/mno-hw-mul/libc.a(lib_a-vfprintf.o)
 .comment       0x00000000       0x27 /opt/altera/13.0sp1/nios2eds/bin/gnu/H-i686-pc-linux-gnu/bin/../lib/gcc/nios2-elf/4.1.2/../../../../nios2-elf/lib/mno-hw-mul/libc.a(lib_a-wsetup.o)
 .comment       0x00000000       0x27 /opt/altera/13.0sp1/nios2eds/bin/gnu/H-i686-pc-linux-gnu/bin/../lib/gcc/nios2-elf/4.1.2/../../../../nios2-elf/lib/mno-hw-mul/libc.a(lib_a-dtoa.o)
 .comment       0x00000000       0x27 /opt/altera/13.0sp1/nios2eds/bin/gnu/H-i686-pc-linux-gnu/bin/../lib/gcc/nios2-elf/4.1.2/../../../../nios2-elf/lib/mno-hw-mul/libc.a(lib_a-fflush.o)
 .comment       0x00000000       0x27 /opt/altera/13.0sp1/nios2eds/bin/gnu/H-i686-pc-linux-gnu/bin/../lib/gcc/nios2-elf/4.1.2/../../../../nios2-elf/lib/mno-hw-mul/libc.a(lib_a-findfp.o)
 .comment       0x00000000       0x27 /opt/altera/13.0sp1/nios2eds/bin/gnu/H-i686-pc-linux-gnu/bin/../lib/gcc/nios2-elf/4.1.2/../../../../nios2-elf/lib/mno-hw-mul/libc.a(lib_a-freer.o)
 .comment       0x00000000       0x27 /opt/altera/13.0sp1/nios2eds/bin/gnu/H-i686-pc-linux-gnu/bin/../lib/gcc/nios2-elf/4.1.2/../../../../nios2-elf/lib/mno-hw-mul/libc.a(lib_a-fvwrite.o)
 .comment       0x00000000       0x27 /opt/altera/13.0sp1/nios2eds/bin/gnu/H-i686-pc-linux-gnu/bin/../lib/gcc/nios2-elf/4.1.2/../../../../nios2-elf/lib/mno-hw-mul/libc.a(lib_a-fwalk.o)
 .comment       0x00000000       0x27 /opt/altera/13.0sp1/nios2eds/bin/gnu/H-i686-pc-linux-gnu/bin/../lib/gcc/nios2-elf/4.1.2/../../../../nios2-elf/lib/mno-hw-mul/libc.a(lib_a-impure.o)
 .comment       0x00000000       0x27 /opt/altera/13.0sp1/nios2eds/bin/gnu/H-i686-pc-linux-gnu/bin/../lib/gcc/nios2-elf/4.1.2/../../../../nios2-elf/lib/mno-hw-mul/libc.a(lib_a-locale.o)
 .comment       0x00000000       0x27 /opt/altera/13.0sp1/nios2eds/bin/gnu/H-i686-pc-linux-gnu/bin/../lib/gcc/nios2-elf/4.1.2/../../../../nios2-elf/lib/mno-hw-mul/libc.a(lib_a-makebuf.o)
 .comment       0x00000000       0x27 /opt/altera/13.0sp1/nios2eds/bin/gnu/H-i686-pc-linux-gnu/bin/../lib/gcc/nios2-elf/4.1.2/../../../../nios2-elf/lib/mno-hw-mul/libc.a(lib_a-mallocr.o)
 .comment       0x00000000       0x27 /opt/altera/13.0sp1/nios2eds/bin/gnu/H-i686-pc-linux-gnu/bin/../lib/gcc/nios2-elf/4.1.2/../../../../nios2-elf/lib/mno-hw-mul/libc.a(lib_a-memchr.o)
 .comment       0x00000000       0x27 /opt/altera/13.0sp1/nios2eds/bin/gnu/H-i686-pc-linux-gnu/bin/../lib/gcc/nios2-elf/4.1.2/../../../../nios2-elf/lib/mno-hw-mul/libc.a(lib_a-memcpy.o)
 .comment       0x00000000       0x27 /opt/altera/13.0sp1/nios2eds/bin/gnu/H-i686-pc-linux-gnu/bin/../lib/gcc/nios2-elf/4.1.2/../../../../nios2-elf/lib/mno-hw-mul/libc.a(lib_a-memmove.o)
 .comment       0x00000000       0x27 /opt/altera/13.0sp1/nios2eds/bin/gnu/H-i686-pc-linux-gnu/bin/../lib/gcc/nios2-elf/4.1.2/../../../../nios2-elf/lib/mno-hw-mul/libc.a(lib_a-memset.o)
 .comment       0x00000000       0x27 /opt/altera/13.0sp1/nios2eds/bin/gnu/H-i686-pc-linux-gnu/bin/../lib/gcc/nios2-elf/4.1.2/../../../../nios2-elf/lib/mno-hw-mul/libc.a(lib_a-mprec.o)
 .comment       0x00000000       0x27 /opt/altera/13.0sp1/nios2eds/bin/gnu/H-i686-pc-linux-gnu/bin/../lib/gcc/nios2-elf/4.1.2/../../../../nios2-elf/lib/mno-hw-mul/libc.a(lib_a-reallocr.o)
 .comment       0x00000000       0x27 /opt/altera/13.0sp1/nios2eds/bin/gnu/H-i686-pc-linux-gnu/bin/../lib/gcc/nios2-elf/4.1.2/../../../../nios2-elf/lib/mno-hw-mul/libc.a(lib_a-s_isinfd.o)
 .comment       0x00000000       0x27 /opt/altera/13.0sp1/nios2eds/bin/gnu/H-i686-pc-linux-gnu/bin/../lib/gcc/nios2-elf/4.1.2/../../../../nios2-elf/lib/mno-hw-mul/libc.a(lib_a-s_isnand.o)
 .comment       0x00000000       0x27 /opt/altera/13.0sp1/nios2eds/bin/gnu/H-i686-pc-linux-gnu/bin/../lib/gcc/nios2-elf/4.1.2/../../../../nios2-elf/lib/mno-hw-mul/libc.a(lib_a-sbrkr.o)
 .comment       0x00000000       0x27 /opt/altera/13.0sp1/nios2eds/bin/gnu/H-i686-pc-linux-gnu/bin/../lib/gcc/nios2-elf/4.1.2/../../../../nios2-elf/lib/mno-hw-mul/libc.a(lib_a-stdio.o)
 .comment       0x00000000       0x27 /opt/altera/13.0sp1/nios2eds/bin/gnu/H-i686-pc-linux-gnu/bin/../lib/gcc/nios2-elf/4.1.2/../../../../nios2-elf/lib/mno-hw-mul/libc.a(lib_a-strcmp.o)
 .comment       0x00000000       0x27 /opt/altera/13.0sp1/nios2eds/bin/gnu/H-i686-pc-linux-gnu/bin/../lib/gcc/nios2-elf/4.1.2/../../../../nios2-elf/lib/mno-hw-mul/libc.a(lib_a-writer.o)
 .comment       0x00000000       0x27 /opt/altera/13.0sp1/nios2eds/bin/gnu/H-i686-pc-linux-gnu/bin/../lib/gcc/nios2-elf/4.1.2/../../../../nios2-elf/lib/mno-hw-mul/libc.a(lib_a-callocr.o)
 .comment       0x00000000       0x27 /opt/altera/13.0sp1/nios2eds/bin/gnu/H-i686-pc-linux-gnu/bin/../lib/gcc/nios2-elf/4.1.2/../../../../nios2-elf/lib/mno-hw-mul/libc.a(lib_a-closer.o)
 .comment       0x00000000       0x27 /opt/altera/13.0sp1/nios2eds/bin/gnu/H-i686-pc-linux-gnu/bin/../lib/gcc/nios2-elf/4.1.2/../../../../nios2-elf/lib/mno-hw-mul/libc.a(lib_a-fclose.o)
 .comment       0x00000000       0x27 /opt/altera/13.0sp1/nios2eds/bin/gnu/H-i686-pc-linux-gnu/bin/../lib/gcc/nios2-elf/4.1.2/../../../../nios2-elf/lib/mno-hw-mul/libc.a(lib_a-fstatr.o)
 .comment       0x00000000       0x27 /opt/altera/13.0sp1/nios2eds/bin/gnu/H-i686-pc-linux-gnu/bin/../lib/gcc/nios2-elf/4.1.2/../../../../nios2-elf/lib/mno-hw-mul/libc.a(lib_a-int_errno.o)
 .comment       0x00000000       0x27 /opt/altera/13.0sp1/nios2eds/bin/gnu/H-i686-pc-linux-gnu/bin/../lib/gcc/nios2-elf/4.1.2/../../../../nios2-elf/lib/mno-hw-mul/libc.a(lib_a-isattyr.o)
 .comment       0x00000000       0x27 /opt/altera/13.0sp1/nios2eds/bin/gnu/H-i686-pc-linux-gnu/bin/../lib/gcc/nios2-elf/4.1.2/../../../../nios2-elf/lib/mno-hw-mul/libc.a(lib_a-lseekr.o)
 .comment       0x00000000       0x27 /opt/altera/13.0sp1/nios2eds/bin/gnu/H-i686-pc-linux-gnu/bin/../lib/gcc/nios2-elf/4.1.2/../../../../nios2-elf/lib/mno-hw-mul/libc.a(lib_a-readr.o)
 .comment       0x00000000       0x27 /opt/altera/13.0sp1/nios2eds/bin/gnu/H-i686-pc-linux-gnu/bin/../lib/gcc/nios2-elf/4.1.2/mno-hw-mul/libgcc.a(_udivdi3.o)
 .comment       0x00000000       0x27 /opt/altera/13.0sp1/nios2eds/bin/gnu/H-i686-pc-linux-gnu/bin/../lib/gcc/nios2-elf/4.1.2/mno-hw-mul/libgcc.a(_umoddi3.o)
 .comment       0x00000000       0x27 /opt/altera/13.0sp1/nios2eds/bin/gnu/H-i686-pc-linux-gnu/bin/../lib/gcc/nios2-elf/4.1.2/mno-hw-mul/libgcc.a(_addsub_df.o)
 .comment       0x00000000       0x27 /opt/altera/13.0sp1/nios2eds/bin/gnu/H-i686-pc-linux-gnu/bin/../lib/gcc/nios2-elf/4.1.2/mno-hw-mul/libgcc.a(_mul_df.o)
 .comment       0x00000000       0x27 /opt/altera/13.0sp1/nios2eds/bin/gnu/H-i686-pc-linux-gnu/bin/../lib/gcc/nios2-elf/4.1.2/mno-hw-mul/libgcc.a(_div_df.o)
 .comment       0x00000000       0x27 /opt/altera/13.0sp1/nios2eds/bin/gnu/H-i686-pc-linux-gnu/bin/../lib/gcc/nios2-elf/4.1.2/mno-hw-mul/libgcc.a(_eq_df.o)
 .comment       0x00000000       0x27 /opt/altera/13.0sp1/nios2eds/bin/gnu/H-i686-pc-linux-gnu/bin/../lib/gcc/nios2-elf/4.1.2/mno-hw-mul/libgcc.a(_ne_df.o)
 .comment       0x00000000       0x27 /opt/altera/13.0sp1/nios2eds/bin/gnu/H-i686-pc-linux-gnu/bin/../lib/gcc/nios2-elf/4.1.2/mno-hw-mul/libgcc.a(_gt_df.o)
 .comment       0x00000000       0x27 /opt/altera/13.0sp1/nios2eds/bin/gnu/H-i686-pc-linux-gnu/bin/../lib/gcc/nios2-elf/4.1.2/mno-hw-mul/libgcc.a(_ge_df.o)
 .comment       0x00000000       0x27 /opt/altera/13.0sp1/nios2eds/bin/gnu/H-i686-pc-linux-gnu/bin/../lib/gcc/nios2-elf/4.1.2/mno-hw-mul/libgcc.a(_lt_df.o)
 .comment       0x00000000       0x27 /opt/altera/13.0sp1/nios2eds/bin/gnu/H-i686-pc-linux-gnu/bin/../lib/gcc/nios2-elf/4.1.2/mno-hw-mul/libgcc.a(_si_to_df.o)
 .comment       0x00000000       0x27 /opt/altera/13.0sp1/nios2eds/bin/gnu/H-i686-pc-linux-gnu/bin/../lib/gcc/nios2-elf/4.1.2/mno-hw-mul/libgcc.a(_df_to_si.o)